45.63.23.126 - - [24/Apr/2017:09:32:08 +0000] "GET /fonts/ionicons.ttf?v=2.0.0 HTTP/1.0" 200 188844 "http://www.gfoodnow.com/public/index.php?url=jscss/css&f=css%2Fbootstrap.min.css%2Ccss%2Fskeleton.css%2Ccss%2Fnav.css%2Ccss%2Fcommon.css%2Ccss%2Fionicons.css%2Ccss%2Fphone.css%2Ccss%2Ftablet.css%2Ccss%2Fslider.css%2Ccss%2Fjquery-ui.css%2Ccss%2Ffacebox.css%2Ccss%2Feasy-responsive-tabs.css%2CreCaptcha%2Fstyle.css&min=1&sid=1492585591" "Mozilla/5.0 (Windows NT 6.3; WOW64) AppleWebKit/537.36 (KHTML, like Gecko) Chrome/57.0.2987.133 Safari/537.36"
45.63.23.126 - - [24/Apr/2017:09:32:08 +0000] "GET /image/product/THUMB/Leeks.png HTTP/1.0" 200 13875 "http://www.gfoodnow.com/account/product_form/51" "Mozilla/5.0 (Windows NT 6.3; WOW64) AppleWebKit/537.36 (KHTML, like Gecko) Chrome/57.0.2987.133 Safari/537.36"
45.63.23.126 - - [24/Apr/2017:09:32:17 +0000] "POST /account/save_image_orientation/ HTTP/1.0" 200 380 "http://www.gfoodnow.com/account/product_form/51" "Mozilla/5.0 (Windows NT 6.3; WOW64) AppleWebKit/537.36 (KHTML, like Gecko) Chrome/57.0.2987.133 Safari/537.36"
45.63.23.126 - - [24/Apr/2017:09:32:18 +0000] "GET /images/retina/close.svg HTTP/1.0" 200 768 "http://www.gfoodnow.com/public/index.php?url=jscss/css&f=css%2Fbootstrap.min.css%2Ccss%2Fskeleton.css%2Ccss%2Fnav.css%2Ccss%2Fcommon.css%2Ccss%2Fionicons.css%2Ccss%2Fphone.css%2Ccss%2Ftablet.css%2Ccss%2Fslider.css%2Ccss%2Fjquery-ui.css%2Ccss%2Ffacebox.css%2Ccss%2Feasy-responsive-tabs.css%2CreCaptcha%2Fstyle.css&min=1&sid=1492585591" "Mozilla/5.0 (Windows NT 6.3; WOW64) AppleWebKit/537.36 (KHTML, like Gecko) Chrome/57.0.2987.133 Safari/537.36"
45.63.23.126 - - [24/Apr/2017:09:32:34 +0000] "POST /common/min_price_criteria/ HTTP/1.0" 200 353 "http://www.gfoodnow.com/account/product_form/51" "Mozilla/5.0 (Windows NT 6.3; WOW64) AppleWebKit/537.36 (KHTML, like Gecko) Chrome/57.0.2987.133 Safari/537.36"
45.63.23.126 - - [24/Apr/2017:09:32:35 +0000] "POST /account/product_form/51 HTTP/1.0" 302 403 "http://www.gfoodnow.com/account/product_form/51" "Mozilla/5.0 (Windows NT 6.3; WOW64) AppleWebKit/537.36 (KHTML, like Gecko) Chrome/57.0.2987.133 Safari/537.36"
45.63.23.126 - - [24/Apr/2017:09:32:36 +0000] "GET /account/product_form/51 HTTP/1.0" 200 20688 "http://www.gfoodnow.com/account/product_form/51" "Mozilla/5.0 (Windows NT 6.3; WOW64) AppleWebKit/537.36 (KHTML, like Gecko) Chrome/57.0.2987.133 Safari/537.36"
45.63.23.126 - - [24/Apr/2017:09:32:37 +0000] "GET /css/theme-color.php HTTP/1.0" 200 2829 "http://www.gfoodnow.com/account/product_form/51" "Mozilla/5.0 (Windows NT 6.3; WOW64) AppleWebKit/537.36 (KHTML, like Gecko) Chrome/57.0.2987.133 Safari/537.36"
45.63.23.126 - - [24/Apr/2017:09:32:37 +0000] "GET /public/index.php?url=pagejsandcss/js/account/product_form&sid=1492585590 HTTP/1.0" 200 3721 "http://www.gfoodnow.com/account/product_form/51" "Mozilla/5.0 (Windows NT 6.3; WOW64) AppleWebKit/537.36 (KHTML, like Gecko) Chrome/57.0.2987.133 Safari/537.36"
45.63.23.126 - - [24/Apr/2017:09:32:37 +0000] "GET /image/mobile_icon_logo/android-icon-72x72.png HTTP/1.0" 200 3395 "http://www.gfoodnow.com/account/product_form/51" "Mozilla/5.0 (Windows NT 6.3; WOW64) AppleWebKit/537.36 (KHTML, like Gecko) Chrome/57.0.2987.133 Safari/537.36"
45.63.23.126 - - [24/Apr/2017:09:32:37 +0000] "GET /image/user//SMALL HTTP/1.0" 304 279 "http://www.gfoodnow.com/account/product_form/51" "Mozilla/5.0 (Windows NT 6.3; WOW64) AppleWebKit/537.36 (KHTML, like Gecko) Chrome/57.0.2987.133 Safari/537.36"
45.63.23.126 - - [24/Apr/2017:09:32:37 +0000] "GET /image/site_logo/gf1.png HTTP/1.0" 200 10201 "http://www.gfoodnow.com/account/product_form/51" "Mozilla/5.0 (Windows NT 6.3; WOW64) AppleWebKit/537.36 (KHTML, like Gecko) Chrome/57.0.2987.133 Safari/537.36"
45.63.23.126 - - [24/Apr/2017:09:32:37 +0000] "POST /products/getImageUploadTab/51 HTTP/1.0" 200 1970 "http://www.gfoodnow.com/account/product_form/51" "Mozilla/5.0 (Windows NT 6.3; WOW64) AppleWebKit/537.36 (KHTML, like Gecko) Chrome/57.0.2987.133 Safari/537.36"
45.63.23.126 - - [24/Apr/2017:09:32:38 +0000] "GET /image/product/THUMB/Leeks.png HTTP/1.0" 304 279 "http://www.gfoodnow.com/account/product_form/51" "Mozilla/5.0 (Windows NT 6.3; WOW64) AppleWebKit/537.36 (KHTML, like Gecko) Chrome/57.0.2987.133 Safari/537.36"
45.63.23.126 - - [24/Apr/2017:09:32:41 +0000] "GET /account/publications HTTP/1.0" 200 10425 "http://www.gfoodnow.com/account/product_form/51" "Mozilla/5.0 (Windows NT 6.3; WOW64) AppleWebKit/537.36 (KHTML, like Gecko) Chrome/57.0.2987.133 Safari/537.36"
45.63.23.126 - - [24/Apr/2017:09:32:42 +0000] "GET /public/index.php?url=pagejsandcss/js/account/publications&sid=1492585590 HTTP/1.0" 200 501 "http://www.gfoodnow.com/account/publications" "Mozilla/5.0 (Windows NT 6.3; WOW64) AppleWebKit/537.36 (KHTML, like Gecko) Chrome/57.0.2987.133 Safari/537.36"
45.63.23.126 - - [24/Apr/2017:09:32:42 +0000] "GET /css/theme-color.php HTTP/1.0" 200 2829 "http://www.gfoodnow.com/account/publications" "Mozilla/5.0 (Windows NT 6.3; WOW64) AppleWebKit/537.36 (KHTML, like Gecko) Chrome/57.0.2987.133 Safari/537.36"
45.63.23.126 - - [24/Apr/2017:09:32:42 +0000] "GET /image/mobile_icon_logo/android-icon-72x72.png HTTP/1.0" 200 3395 "http://www.gfoodnow.com/account/publications" "Mozilla/5.0 (Windows NT 6.3; WOW64) AppleWebKit/537.36 (KHTML, like Gecko) Chrome/57.0.2987.133 Safari/537.36"
45.63.23.126 - - [24/Apr/2017:09:32:42 +0000] "GET /image/site_logo/gf1.png HTTP/1.0" 200 10201 "http://www.gfoodnow.com/account/publications" "Mozilla/5.0 (Windows NT 6.3; WOW64) AppleWebKit/537.36 (KHTML, like Gecko) Chrome/57.0.2987.133 Safari/537.36"
45.63.23.126 - - [24/Apr/2017:09:32:42 +0000] "GET /image/product_image/51/THUMB HTTP/1.0" 304 279 "http://www.gfoodnow.com/account/publications" "Mozilla/5.0 (Windows NT 6.3; WOW64) AppleWebKit/537.36 (KHTML, like Gecko) Chrome/57.0.2987.133 Safari/537.36"
45.63.23.126 - - [24/Apr/2017:09:32:42 +0000] "GET /image/user//SMALL HTTP/1.0" 200 1508 "http://www.gfoodnow.com/account/publications" "Mozilla/5.0 (Windows NT 6.3; WOW64) AppleWebKit/537.36 (KHTML, like Gecko) Chrome/57.0.2987.133 Safari/537.36"
45.63.23.126 - - [24/Apr/2017:09:32:42 +0000] "GET /image/product_image/48/THUMB HTTP/1.0" 304 279 "http://www.gfoodnow.com/account/publications" "Mozilla/5.0 (Windows NT 6.3; WOW64) AppleWebKit/537.36 (KHTML, like Gecko) Chrome/57.0.2987.133 Safari/537.36"
45.63.23.126 - - [24/Apr/2017:09:32:42 +0000] "GET /image/product_image/50/THUMB HTTP/1.0" 304 279 "http://www.gfoodnow.com/account/publications" "Mozilla/5.0 (Windows NT 6.3; WOW64) AppleWebKit/537.36 (KHTML, like Gecko) Chrome/57.0.2987.133 Safari/537.36"
45.63.23.126 - - [24/Apr/2017:09:32:42 +0000] "GET /image/product_image/49/THUMB HTTP/1.0" 304 279 "http://www.gfoodnow.com/account/publications" "Mozilla/5.0 (Windows NT 6.3; WOW64) AppleWebKit/537.36 (KHTML, like Gecko) Chrome/57.0.2987.133 Safari/537.36"
45.63.23.126 - - [24/Apr/2017:09:32:42 +0000] "GET /image/product_image/47/THUMB HTTP/1.0" 304 279 "http://www.gfoodnow.com/account/publications" "Mozilla/5.0 (Windows NT 6.3; WOW64) AppleWebKit/537.36 (KHTML, like Gecko) Chrome/57.0.2987.133 Safari/537.36"
45.63.23.126 - - [24/Apr/2017:09:32:42 +0000] "GET /image/product_image/46/THUMB HTTP/1.0" 304 279 "http://www.gfoodnow.com/account/publications" "Mozilla/5.0 (Windows NT 6.3; WOW64) AppleWebKit/537.36 (KHTML, like Gecko) Chrome/57.0.2987.133 Safari/537.36"
45.63.23.126 - - [24/Apr/2017:09:32:42 +0000] "GET /image/product_image/45/THUMB HTTP/1.0" 304 279 "http://www.gfoodnow.com/account/publications" "Mozilla/5.0 (Windows NT 6.3; WOW64) AppleWebKit/537.36 (KHTML, like Gecko) Chrome/57.0.2987.133 Safari/537.36"
45.63.23.126 - - [24/Apr/2017:09:32:43 +0000] "GET /image/product_image/44/THUMB HTTP/1.0" 304 279 "http://www.gfoodnow.com/account/publications" "Mozilla/5.0 (Windows NT 6.3; WOW64) AppleWebKit/537.36 (KHTML, like Gecko) Chrome/57.0.2987.133 Safari/537.36"
45.63.23.126 - - [24/Apr/2017:09:32:43 +0000] "GET /image/product_image/43/THUMB HTTP/1.0" 304 279 "http://www.gfoodnow.com/account/publications" "Mozilla/5.0 (Windows NT 6.3; WOW64) AppleWebKit/537.36 (KHTML, like Gecko) Chrome/57.0.2987.133 Safari/537.36"
45.63.23.126 - - [24/Apr/2017:09:32:43 +0000] "GET /image/product_image/42/THUMB HTTP/1.0" 304 279 "http://www.gfoodnow.com/account/publications" "Mozilla/5.0 (Windows NT 6.3; WOW64) AppleWebKit/537.36 (KHTML, like Gecko) Chrome/57.0.2987.133 Safari/537.36"
45.63.23.126 - - [24/Apr/2017:09:32:55 +0000] "GET /account/product_form/50 HTTP/1.0" 200 20725 "http://www.gfoodnow.com/account/publications" "Mozilla/5.0 (Windows NT 6.3; WOW64) AppleWebKit/537.36 (KHTML, like Gecko) Chrome/57.0.2987.133 Safari/537.36"
45.63.23.126 - - [24/Apr/2017:09:32:56 +0000] "GET /css/theme-color.php HTTP/1.0" 200 2829 "http://www.gfoodnow.com/account/product_form/50" "Mozilla/5.0 (Windows NT 6.3; WOW64) AppleWebKit/537.36 (KHTML, like Gecko) Chrome/57.0.2987.133 Safari/537.36"
45.63.23.126 - - [24/Apr/2017:09:32:56 +0000] "GET /public/index.php?url=pagejsandcss/js/account/product_form&sid=1492585590 HTTP/1.0" 200 3721 "http://www.gfoodnow.com/account/product_form/50" "Mozilla/5.0 (Windows NT 6.3; WOW64) AppleWebKit/537.36 (KHTML, like Gecko) Chrome/57.0.2987.133 Safari/537.36"
45.63.23.126 - - [24/Apr/2017:09:32:56 +0000] "GET /image/mobile_icon_logo/android-icon-72x72.png HTTP/1.0" 200 3395 "http://www.gfoodnow.com/account/product_form/50" "Mozilla/5.0 (Windows NT 6.3; WOW64) AppleWebKit/537.36 (KHTML, like Gecko) Chrome/57.0.2987.133 Safari/537.36"
45.63.23.126 - - [24/Apr/2017:09:32:56 +0000] "GET /image/user//SMALL HTTP/1.0" 304 279 "http://www.gfoodnow.com/account/product_form/50" "Mozilla/5.0 (Windows NT 6.3; WOW64) AppleWebKit/537.36 (KHTML, like Gecko) Chrome/57.0.2987.133 Safari/537.36"
45.63.23.126 - - [24/Apr/2017:09:32:56 +0000] "GET /image/site_logo/gf1.png HTTP/1.0" 200 10201 "http://www.gfoodnow.com/account/product_form/50" "Mozilla/5.0 (Windows NT 6.3; WOW64) AppleWebKit/537.36 (KHTML, like Gecko) Chrome/57.0.2987.133 Safari/537.36"
45.63.23.126 - - [24/Apr/2017:09:32:56 +0000] "POST /products/getImageUploadTab/50 HTTP/1.0" 200 1261 "http://www.gfoodnow.com/account/product_form/50" "Mozilla/5.0 (Windows NT 6.3; WOW64) AppleWebKit/537.36 (KHTML, like Gecko) Chrome/57.0.2987.133 Safari/537.36"
45.63.23.126 - - [24/Apr/2017:09:33:24 +0000] "POST /common/min_price_criteria/ HTTP/1.0" 200 353 "http://www.gfoodnow.com/account/product_form/50" "Mozilla/5.0 (Windows NT 6.3; WOW64) AppleWebKit/537.36 (KHTML, like Gecko) Chrome/57.0.2987.133 Safari/537.36"
45.63.23.126 - - [24/Apr/2017:09:33:25 +0000] "POST /account/product_form/50 HTTP/1.0" 302 403 "http://www.gfoodnow.com/account/product_form/50" "Mozilla/5.0 (Windows NT 6.3; WOW64) AppleWebKit/537.36 (KHTML, like Gecko) Chrome/57.0.2987.133 Safari/537.36"
45.63.23.126 - - [24/Apr/2017:09:33:26 +0000] "GET /account/product_form/50 HTTP/1.0" 200 20695 "http://www.gfoodnow.com/account/product_form/50" "Mozilla/5.0 (Windows NT 6.3; WOW64) AppleWebKit/537.36 (KHTML, like Gecko) Chrome/57.0.2987.133 Safari/537.36"
45.63.23.126 - - [24/Apr/2017:09:33:26 +0000] "GET /css/theme-color.php HTTP/1.0" 200 2829 "http://www.gfoodnow.com/account/product_form/50" "Mozilla/5.0 (Windows NT 6.3; WOW64) AppleWebKit/537.36 (KHTML, like Gecko) Chrome/57.0.2987.133 Safari/537.36"
45.63.23.126 - - [24/Apr/2017:09:33:26 +0000] "GET /public/index.php?url=pagejsandcss/js/account/product_form&sid=1492585590 HTTP/1.0" 200 3721 "http://www.gfoodnow.com/account/product_form/50" "Mozilla/5.0 (Windows NT 6.3; WOW64) AppleWebKit/537.36 (KHTML, like Gecko) Chrome/57.0.2987.133 Safari/537.36"
45.63.23.126 - - [24/Apr/2017:09:33:26 +0000] "GET /image/mobile_icon_logo/android-icon-72x72.png HTTP/1.0" 200 3395 "http://www.gfoodnow.com/account/product_form/50" "Mozilla/5.0 (Windows NT 6.3; WOW64) AppleWebKit/537.36 (KHTML, like Gecko) Chrome/57.0.2987.133 Safari/537.36"
45.63.23.126 - - [24/Apr/2017:09:33:26 +0000] "GET /image/site_logo/gf1.png HTTP/1.0" 200 10201 "http://www.gfoodnow.com/account/product_form/50" "Mozilla/5.0 (Windows NT 6.3; WOW64) AppleWebKit/537.36 (KHTML, like Gecko) Chrome/57.0.2987.133 Safari/537.36"
45.63.23.126 - - [24/Apr/2017:09:33:26 +0000] "GET /image/user//SMALL HTTP/1.0" 200 1508 "http://www.gfoodnow.com/account/product_form/50" "Mozilla/5.0 (Windows NT 6.3; WOW64) AppleWebKit/537.36 (KHTML, like Gecko) Chrome/57.0.2987.133 Safari/537.36"
45.63.23.126 - - [24/Apr/2017:09:33:27 +0000] "POST /products/getImageUploadTab/50 HTTP/1.0" 200 1261 "http://www.gfoodnow.com/account/product_form/50" "Mozilla/5.0 (Windows NT 6.3; WOW64) AppleWebKit/537.36 (KHTML, like Gecko) Chrome/57.0.2987.133 Safari/537.36"
45.63.23.126 - - [24/Apr/2017:09:33:35 +0000] "GET /account/publications HTTP/1.0" 200 10425 "http://www.gfoodnow.com/account/product_form/50" "Mozilla/5.0 (Windows NT 6.3; WOW64) AppleWebKit/537.36 (KHTML, like Gecko) Chrome/57.0.2987.133 Safari/537.36"
45.63.23.126 - - [24/Apr/2017:09:33:36 +0000] "GET /public/index.php?url=pagejsandcss/js/account/publications&sid=1492585590 HTTP/1.0" 200 501 "http://www.gfoodnow.com/account/publications" "Mozilla/5.0 (Windows NT 6.3; WOW64) AppleWebKit/537.36 (KHTML, like Gecko) Chrome/57.0.2987.133 Safari/537.36"
45.63.23.126 - - [24/Apr/2017:09:33:36 +0000] "GET /css/theme-color.php HTTP/1.0" 200 2829 "http://www.gfoodnow.com/account/publications" "Mozilla/5.0 (Windows NT 6.3; WOW64) AppleWebKit/537.36 (KHTML, like Gecko) Chrome/57.0.2987.133 Safari/537.36"
45.63.23.126 - - [24/Apr/2017:09:33:36 +0000] "GET /image/mobile_icon_logo/android-icon-72x72.png HTTP/1.0" 200 3395 "http://www.gfoodnow.com/account/publications" "Mozilla/5.0 (Windows NT 6.3; WOW64) AppleWebKit/537.36 (KHTML, like Gecko) Chrome/57.0.2987.133 Safari/537.36"
45.63.23.126 - - [24/Apr/2017:09:33:36 +0000] "GET /image/site_logo/gf1.png HTTP/1.0" 200 10201 "http://www.gfoodnow.com/account/publications" "Mozilla/5.0 (Windows NT 6.3; WOW64) AppleWebKit/537.36 (KHTML, like Gecko) Chrome/57.0.2987.133 Safari/537.36"
45.63.23.126 - - [24/Apr/2017:09:33:36 +0000] "GET /image/user//SMALL HTTP/1.0" 304 279 "http://www.gfoodnow.com/account/publications" "Mozilla/5.0 (Windows NT 6.3; WOW64) AppleWebKit/537.36 (KHTML, like Gecko) Chrome/57.0.2987.133 Safari/537.36"
45.63.23.126 - - [24/Apr/2017:09:33:36 +0000] "GET /image/product_image/48/THUMB HTTP/1.0" 200 1837 "http://www.gfoodnow.com/account/publications" "Mozilla/5.0 (Windows NT 6.3; WOW64) AppleWebKit/537.36 (KHTML, like Gecko) Chrome/57.0.2987.133 Safari/537.36"
45.63.23.126 - - [24/Apr/2017:09:33:36 +0000] "GET /image/product_image/51/THUMB HTTP/1.0" 200 13875 "http://www.gfoodnow.com/account/publications" "Mozilla/5.0 (Windows NT 6.3; WOW64) AppleWebKit/537.36 (KHTML, like Gecko) Chrome/57.0.2987.133 Safari/537.36"
45.63.23.126 - - [24/Apr/2017:09:33:36 +0000] "GET /image/product_image/50/THUMB HTTP/1.0" 200 1837 "http://www.gfoodnow.com/account/publications" "Mozilla/5.0 (Windows NT 6.3; WOW64) AppleWebKit/537.36 (KHTML, like Gecko) Chrome/57.0.2987.133 Safari/537.36"
45.63.23.126 - - [24/Apr/2017:09:33:36 +0000] "GET /image/product_image/49/THUMB HTTP/1.0" 200 1837 "http://www.gfoodnow.com/account/publications" "Mozilla/5.0 (Windows NT 6.3; WOW64) AppleWebKit/537.36 (KHTML, like Gecko) Chrome/57.0.2987.133 Safari/537.36"
45.63.23.126 - - [24/Apr/2017:09:33:36 +0000] "GET /image/product_image/47/THUMB HTTP/1.0" 200 1837 "http://www.gfoodnow.com/account/publications" "Mozilla/5.0 (Windows NT 6.3; WOW64) AppleWebKit/537.36 (KHTML, like Gecko) Chrome/57.0.2987.133 Safari/537.36"
45.63.23.126 - - [24/Apr/2017:09:33:36 +0000] "GET /image/product_image/46/THUMB HTTP/1.0" 200 1837 "http://www.gfoodnow.com/account/publications" "Mozilla/5.0 (Windows NT 6.3; WOW64) AppleWebKit/537.36 (KHTML, like Gecko) Chrome/57.0.2987.133 Safari/537.36"
45.63.23.126 - - [24/Apr/2017:09:33:37 +0000] "GET /image/product_image/45/THUMB HTTP/1.0" 200 1837 "http://www.gfoodnow.com/account/publications" "Mozilla/5.0 (Windows NT 6.3; WOW64) AppleWebKit/537.36 (KHTML, like Gecko) Chrome/57.0.2987.133 Safari/537.36"
45.63.23.126 - - [24/Apr/2017:09:33:37 +0000] "GET /image/product_image/44/THUMB HTTP/1.0" 200 1837 "http://www.gfoodnow.com/account/publications" "Mozilla/5.0 (Windows NT 6.3; WOW64) AppleWebKit/537.36 (KHTML, like Gecko) Chrome/57.0.2987.133 Safari/537.36"
45.63.23.126 - - [24/Apr/2017:09:33:37 +0000] "GET /image/product_image/43/THUMB HTTP/1.0" 200 1837 "http://www.gfoodnow.com/account/publications" "Mozilla/5.0 (Windows NT 6.3; WOW64) AppleWebKit/537.36 (KHTML, like Gecko) Chrome/57.0.2987.133 Safari/537.36"
45.63.23.126 - - [24/Apr/2017:09:33:37 +0000] "GET /image/product_image/42/THUMB HTTP/1.0" 200 1837 "http://www.gfoodnow.com/account/publications" "Mozilla/5.0 (Windows NT 6.3; WOW64) AppleWebKit/537.36 (KHTML, like Gecko) Chrome/57.0.2987.133 Safari/537.36"
45.63.23.126 - - [24/Apr/2017:09:33:39 +0000] "GET /account/product_form/49 HTTP/1.0" 200 20724 "http://www.gfoodnow.com/account/publications" "Mozilla/5.0 (Windows NT 6.3; WOW64) AppleWebKit/537.36 (KHTML, like Gecko) Chrome/57.0.2987.133 Safari/537.36"
45.63.23.126 - - [24/Apr/2017:09:33:40 +0000] "GET /css/theme-color.php HTTP/1.0" 200 2829 "http://www.gfoodnow.com/account/product_form/49" "Mozilla/5.0 (Windows NT 6.3; WOW64) AppleWebKit/537.36 (KHTML, like Gecko) Chrome/57.0.2987.133 Safari/537.36"
45.63.23.126 - - [24/Apr/2017:09:33:40 +0000] "GET /public/index.php?url=pagejsandcss/js/account/product_form&sid=1492585590 HTTP/1.0" 200 3721 "http://www.gfoodnow.com/account/product_form/49" "Mozilla/5.0 (Windows NT 6.3; WOW64) AppleWebKit/537.36 (KHTML, like Gecko) Chrome/57.0.2987.133 Safari/537.36"
45.63.23.126 - - [24/Apr/2017:09:33:40 +0000] "GET /image/mobile_icon_logo/android-icon-72x72.png HTTP/1.0" 200 3395 "http://www.gfoodnow.com/account/product_form/49" "Mozilla/5.0 (Windows NT 6.3; WOW64) AppleWebKit/537.36 (KHTML, like Gecko) Chrome/57.0.2987.133 Safari/537.36"
45.63.23.126 - - [24/Apr/2017:09:33:40 +0000] "GET /image/site_logo/gf1.png HTTP/1.0" 200 10201 "http://www.gfoodnow.com/account/product_form/49" "Mozilla/5.0 (Windows NT 6.3; WOW64) AppleWebKit/537.36 (KHTML, like Gecko) Chrome/57.0.2987.133 Safari/537.36"
45.63.23.126 - - [24/Apr/2017:09:33:40 +0000] "GET /image/user//SMALL HTTP/1.0" 200 1508 "http://www.gfoodnow.com/account/product_form/49" "Mozilla/5.0 (Windows NT 6.3; WOW64) AppleWebKit/537.36 (KHTML, like Gecko) Chrome/57.0.2987.133 Safari/537.36"
45.63.23.126 - - [24/Apr/2017:09:33:40 +0000] "POST /products/getImageUploadTab/49 HTTP/1.0" 200 1261 "http://www.gfoodnow.com/account/product_form/49" "Mozilla/5.0 (Windows NT 6.3; WOW64) AppleWebKit/537.36 (KHTML, like Gecko) Chrome/57.0.2987.133 Safari/537.36"
104.156.253.163 - - [24/Apr/2017:09:35:02 +0000] "POST /cronjobs/cron_send_subscription_expiry_email/2017-04-24 HTTP/1.0" 200 361 "-" "-"
104.156.253.163 - - [24/Apr/2017:09:35:01 +0000] "GET /cronjobs/execute HTTP/1.0" 200 361 "-" "curl/7.38.0"
103.63.13.242 - - [24/Apr/2017:09:37:02 +0000] "GET /account/publications HTTP/1.0" 200 10425 "http://www.gfoodnow.com/account/product_form/51/general" "Mozilla/5.0 (Windows NT 10.0; Win64; x64) AppleWebKit/537.36 (KHTML, like Gecko) Chrome/58.0.3029.81 Safari/537.36"
103.63.13.242 - - [24/Apr/2017:09:37:04 +0000] "GET /public/index.php?url=pagejsandcss/js/account/publications&sid=1492585590 HTTP/1.0" 200 501 "http://www.gfoodnow.com/account/publications" "Mozilla/5.0 (Windows NT 10.0; Win64; x64) AppleWebKit/537.36 (KHTML, like Gecko) Chrome/58.0.3029.81 Safari/537.36"
103.63.13.242 - - [24/Apr/2017:09:37:04 +0000] "GET /css/theme-color.php HTTP/1.0" 200 2829 "http://www.gfoodnow.com/account/publications" "Mozilla/5.0 (Windows NT 10.0; Win64; x64) AppleWebKit/537.36 (KHTML, like Gecko) Chrome/58.0.3029.81 Safari/537.36"
103.63.13.242 - - [24/Apr/2017:09:37:05 +0000] "GET /image/user//SMALL HTTP/1.0" 304 279 "http://www.gfoodnow.com/account/publications" "Mozilla/5.0 (Windows NT 10.0; Win64; x64) AppleWebKit/537.36 (KHTML, like Gecko) Chrome/58.0.3029.81 Safari/537.36"
103.63.13.242 - - [24/Apr/2017:09:37:05 +0000] "GET /image/mobile_icon_logo/android-icon-72x72.png HTTP/1.0" 200 3395 "http://www.gfoodnow.com/account/publications" "Mozilla/5.0 (Windows NT 10.0; Win64; x64) AppleWebKit/537.36 (KHTML, like Gecko) Chrome/58.0.3029.81 Safari/537.36"
103.63.13.242 - - [24/Apr/2017:09:37:05 +0000] "GET /image/site_logo/gf1.png HTTP/1.0" 200 10201 "http://www.gfoodnow.com/account/publications" "Mozilla/5.0 (Windows NT 10.0; Win64; x64) AppleWebKit/537.36 (KHTML, like Gecko) Chrome/58.0.3029.81 Safari/537.36"
103.63.13.242 - - [24/Apr/2017:09:37:07 +0000] "GET /images/retina/delete.svg HTTP/1.0" 200 1357 "http://www.gfoodnow.com/account/publications" "Mozilla/5.0 (Windows NT 10.0; Win64; x64) AppleWebKit/537.36 (KHTML, like Gecko) Chrome/58.0.3029.81 Safari/537.36"
103.63.13.242 - - [24/Apr/2017:09:37:07 +0000] "GET /image/product_image/50/THUMB HTTP/1.0" 200 1837 "http://www.gfoodnow.com/account/publications" "Mozilla/5.0 (Windows NT 10.0; Win64; x64) AppleWebKit/537.36 (KHTML, like Gecko) Chrome/58.0.3029.81 Safari/537.36"
103.63.13.242 - - [24/Apr/2017:09:37:07 +0000] "GET /image/product_image/49/THUMB HTTP/1.0" 200 1837 "http://www.gfoodnow.com/account/publications" "Mozilla/5.0 (Windows NT 10.0; Win64; x64) AppleWebKit/537.36 (KHTML, like Gecko) Chrome/58.0.3029.81 Safari/537.36"
103.63.13.242 - - [24/Apr/2017:09:37:07 +0000] "GET /images/retina/search-black.svg HTTP/1.0" 200 1216 "http://www.gfoodnow.com/public/index.php?url=jscss/css&f=css%2Fbootstrap.min.css%2Ccss%2Fskeleton.css%2Ccss%2Fnav.css%2Ccss%2Fcommon.css%2Ccss%2Fionicons.css%2Ccss%2Fphone.css%2Ccss%2Ftablet.css%2Ccss%2Fslider.css%2Ccss%2Fjquery-ui.css%2Ccss%2Ffacebox.css%2Ccss%2Feasy-responsive-tabs.css%2CreCaptcha%2Fstyle.css&min=1&sid=1492585591" "Mozilla/5.0 (Windows NT 10.0; Win64; x64) AppleWebKit/537.36 (KHTML, like Gecko) Chrome/58.0.3029.81 Safari/537.36"
103.63.13.242 - - [24/Apr/2017:09:37:08 +0000] "GET /images/retina/tag.svg HTTP/1.0" 200 829 "http://www.gfoodnow.com/account/publications" "Mozilla/5.0 (Windows NT 10.0; Win64; x64) AppleWebKit/537.36 (KHTML, like Gecko) Chrome/58.0.3029.81 Safari/537.36"
103.63.13.242 - - [24/Apr/2017:09:37:07 +0000] "GET /image/product_image/51/THUMB HTTP/1.0" 200 13875 "http://www.gfoodnow.com/account/publications" "Mozilla/5.0 (Windows NT 10.0; Win64; x64) AppleWebKit/537.36 (KHTML, like Gecko) Chrome/58.0.3029.81 Safari/537.36"
103.63.13.242 - - [24/Apr/2017:09:37:08 +0000] "GET /images/retina/pause.svg HTTP/1.0" 200 1041 "http://www.gfoodnow.com/account/publications" "Mozilla/5.0 (Windows NT 10.0; Win64; x64) AppleWebKit/537.36 (KHTML, like Gecko) Chrome/58.0.3029.81 Safari/537.36"
103.63.13.242 - - [24/Apr/2017:09:37:08 +0000] "GET /image/product_image/48/THUMB HTTP/1.0" 200 1837 "http://www.gfoodnow.com/account/publications" "Mozilla/5.0 (Windows NT 10.0; Win64; x64) AppleWebKit/537.36 (KHTML, like Gecko) Chrome/58.0.3029.81 Safari/537.36"
103.63.13.242 - - [24/Apr/2017:09:37:09 +0000] "GET /image/product_image/47/THUMB HTTP/1.0" 200 1837 "http://www.gfoodnow.com/account/publications" "Mozilla/5.0 (Windows NT 10.0; Win64; x64) AppleWebKit/537.36 (KHTML, like Gecko) Chrome/58.0.3029.81 Safari/537.36"
103.63.13.242 - - [24/Apr/2017:09:37:10 +0000] "GET /image/product_image/46/THUMB HTTP/1.0" 200 1837 "http://www.gfoodnow.com/account/publications" "Mozilla/5.0 (Windows NT 10.0; Win64; x64) AppleWebKit/537.36 (KHTML, like Gecko) Chrome/58.0.3029.81 Safari/537.36"
103.63.13.242 - - [24/Apr/2017:09:37:10 +0000] "GET /image/product_image/45/THUMB HTTP/1.0" 200 1837 "http://www.gfoodnow.com/account/publications" "Mozilla/5.0 (Windows NT 10.0; Win64; x64) AppleWebKit/537.36 (KHTML, like Gecko) Chrome/58.0.3029.81 Safari/537.36"
103.63.13.242 - - [24/Apr/2017:09:37:10 +0000] "GET /image/product_image/44/THUMB HTTP/1.0" 200 1837 "http://www.gfoodnow.com/account/publications" "Mozilla/5.0 (Windows NT 10.0; Win64; x64) AppleWebKit/537.36 (KHTML, like Gecko) Chrome/58.0.3029.81 Safari/537.36"
103.63.13.242 - - [24/Apr/2017:09:37:10 +0000] "GET /image/product_image/43/THUMB HTTP/1.0" 200 1837 "http://www.gfoodnow.com/account/publications" "Mozilla/5.0 (Windows NT 10.0; Win64; x64) AppleWebKit/537.36 (KHTML, like Gecko) Chrome/58.0.3029.81 Safari/537.36"
103.63.13.242 - - [24/Apr/2017:09:37:11 +0000] "GET /image/product_image/42/THUMB HTTP/1.0" 200 1837 "http://www.gfoodnow.com/account/publications" "Mozilla/5.0 (Windows NT 10.0; Win64; x64) AppleWebKit/537.36 (KHTML, like Gecko) Chrome/58.0.3029.81 Safari/537.36"
103.63.13.242 - - [24/Apr/2017:09:37:45 +0000] "GET /account/product_form/46 HTTP/1.0" 200 20721 "http://www.gfoodnow.com/account/publications" "Mozilla/5.0 (Windows NT 10.0; Win64; x64) AppleWebKit/537.36 (KHTML, like Gecko) Chrome/58.0.3029.81 Safari/537.36"
103.63.13.242 - - [24/Apr/2017:09:37:48 +0000] "GET /css/theme-color.php HTTP/1.0" 200 2829 "http://www.gfoodnow.com/account/product_form/46" "Mozilla/5.0 (Windows NT 10.0; Win64; x64) AppleWebKit/537.36 (KHTML, like Gecko) Chrome/58.0.3029.81 Safari/537.36"
103.63.13.242 - - [24/Apr/2017:09:37:48 +0000] "GET /public/index.php?url=pagejsandcss/js/account/product_form&sid=1492585590 HTTP/1.0" 200 3721 "http://www.gfoodnow.com/account/product_form/46" "Mozilla/5.0 (Windows NT 10.0; Win64; x64) AppleWebKit/537.36 (KHTML, like Gecko) Chrome/58.0.3029.81 Safari/537.36"
45.63.23.126 - - [24/Apr/2017:09:37:56 +0000] "POST /user/account? HTTP/1.0" 200 10382 "http://www.gfoodnow.com/user/account" "Mozilla/5.0 (Windows NT 6.3; WOW64) AppleWebKit/537.36 (KHTML, like Gecko) Chrome/57.0.2987.133 Safari/537.36"
45.63.23.126 - - [24/Apr/2017:09:37:56 +0000] "GET /public/index.php?url=pagejsandcss/js/user/account&sid=1492585590 HTTP/1.0" 200 351 "http://www.gfoodnow.com/user/account?" "Mozilla/5.0 (Windows NT 6.3; WOW64) AppleWebKit/537.36 (KHTML, like Gecko) Chrome/57.0.2987.133 Safari/537.36"
45.63.23.126 - - [24/Apr/2017:09:37:56 +0000] "GET /css/theme-color.php HTTP/1.0" 200 2829 "http://www.gfoodnow.com/user/account?" "Mozilla/5.0 (Windows NT 6.3; WOW64) AppleWebKit/537.36 (KHTML, like Gecko) Chrome/57.0.2987.133 Safari/537.36"
45.63.23.126 - - [24/Apr/2017:09:37:56 +0000] "GET /image/mobile_icon_logo/android-icon-72x72.png HTTP/1.0" 200 3395 "http://www.gfoodnow.com/user/account?" "Mozilla/5.0 (Windows NT 6.3; WOW64) AppleWebKit/537.36 (KHTML, like Gecko) Chrome/57.0.2987.133 Safari/537.36"
45.63.23.126 - - [24/Apr/2017:09:37:57 +0000] "GET /images/retina/close.svg HTTP/1.0" 200 768 "http://www.gfoodnow.com/public/index.php?url=jscss/css&f=css%2Fbootstrap.min.css%2Ccss%2Fskeleton.css%2Ccss%2Fnav.css%2Ccss%2Fcommon.css%2Ccss%2Fionicons.css%2Ccss%2Fphone.css%2Ccss%2Ftablet.css%2Ccss%2Fslider.css%2Ccss%2Fjquery-ui.css%2Ccss%2Ffacebox.css%2Ccss%2Feasy-responsive-tabs.css%2CreCaptcha%2Fstyle.css&min=1&sid=1492585591" "Mozilla/5.0 (Windows NT 6.3; WOW64) AppleWebKit/537.36 (KHTML, like Gecko) Chrome/57.0.2987.133 Safari/537.36"
45.63.23.126 - - [24/Apr/2017:09:37:57 +0000] "GET /image/site_logo/gf1.png HTTP/1.0" 200 10201 "http://www.gfoodnow.com/user/account?" "Mozilla/5.0 (Windows NT 6.3; WOW64) AppleWebKit/537.36 (KHTML, like Gecko) Chrome/57.0.2987.133 Safari/537.36"
45.63.23.126 - - [24/Apr/2017:09:37:57 +0000] "GET /image/social_platform_icon/fb.svg HTTP/1.0" 200 1000 "http://www.gfoodnow.com/user/account?" "Mozilla/5.0 (Windows NT 6.3; WOW64) AppleWebKit/537.36 (KHTML, like Gecko) Chrome/57.0.2987.133 Safari/537.36"
45.63.23.126 - - [24/Apr/2017:09:37:57 +0000] "GET /image/footer_logo_graphic/gf2.png HTTP/1.0" 200 10555 "http://www.gfoodnow.com/user/account?" "Mozilla/5.0 (Windows NT 6.3; WOW64) AppleWebKit/537.36 (KHTML, like Gecko) Chrome/57.0.2987.133 Safari/537.36"
45.63.23.126 - - [24/Apr/2017:09:37:57 +0000] "GET /cart/cart_summary HTTP/1.0" 200 455 "http://www.gfoodnow.com/user/account?" "Mozilla/5.0 (Windows NT 6.3; WOW64) AppleWebKit/537.36 (KHTML, like Gecko) Chrome/57.0.2987.133 Safari/537.36"
45.63.23.126 - - [24/Apr/2017:09:37:57 +0000] "GET /image/social_platform_icon/instagramlogo.jpg HTTP/1.0" 200 9550 "http://www.gfoodnow.com/user/account?" "Mozilla/5.0 (Windows NT 6.3; WOW64) AppleWebKit/537.36 (KHTML, like Gecko) Chrome/57.0.2987.133 Safari/537.36"
45.63.23.126 - - [24/Apr/2017:09:37:57 +0000] "GET /image/social_platform_icon/tw.svg HTTP/1.0" 200 1519 "http://www.gfoodnow.com/user/account?" "Mozilla/5.0 (Windows NT 6.3; WOW64) AppleWebKit/537.36 (KHTML, like Gecko) Chrome/57.0.2987.133 Safari/537.36"
45.63.23.126 - - [24/Apr/2017:09:37:57 +0000] "GET /image/social_platform_icon/yt.svg HTTP/1.0" 200 4095 "http://www.gfoodnow.com/user/account?" "Mozilla/5.0 (Windows NT 6.3; WOW64) AppleWebKit/537.36 (KHTML, like Gecko) Chrome/57.0.2987.133 Safari/537.36"
45.63.23.126 - - [24/Apr/2017:09:37:57 +0000] "GET /image/social_platform_icon/pinterest.svg HTTP/1.0" 200 1094 "http://www.gfoodnow.com/user/account?" "Mozilla/5.0 (Windows NT 6.3; WOW64) AppleWebKit/537.36 (KHTML, like Gecko) Chrome/57.0.2987.133 Safari/537.36"
103.63.13.242 - - [24/Apr/2017:09:38:17 +0000] "GET /image/mobile_icon_logo/android-icon-72x72.png HTTP/1.0" 200 3395 "http://www.gfoodnow.com/account/product_form/46" "Mozilla/5.0 (Windows NT 10.0; Win64; x64) AppleWebKit/537.36 (KHTML, like Gecko) Chrome/58.0.3029.81 Safari/537.36"
103.63.13.242 - - [24/Apr/2017:09:38:17 +0000] "GET /image/site_logo/gf1.png HTTP/1.0" 200 10201 "http://www.gfoodnow.com/account/product_form/46" "Mozilla/5.0 (Windows NT 10.0; Win64; x64) AppleWebKit/537.36 (KHTML, like Gecko) Chrome/58.0.3029.81 Safari/537.36"
103.63.13.242 - - [24/Apr/2017:09:38:17 +0000] "GET /image/user//SMALL HTTP/1.0" 200 1508 "http://www.gfoodnow.com/account/product_form/46" "Mozilla/5.0 (Windows NT 10.0; Win64; x64) AppleWebKit/537.36 (KHTML, like Gecko) Chrome/58.0.3029.81 Safari/537.36"
103.63.13.242 - - [24/Apr/2017:09:38:18 +0000] "POST /products/getImageUploadTab/46 HTTP/1.0" 200 1261 "http://www.gfoodnow.com/account/product_form/46" "Mozilla/5.0 (Windows NT 10.0; Win64; x64) AppleWebKit/537.36 (KHTML, like Gecko) Chrome/58.0.3029.81 Safari/537.36"
103.63.13.242 - - [24/Apr/2017:09:38:25 +0000] "POST /common/min_price_criteria/ HTTP/1.0" 200 353 "http://www.gfoodnow.com/account/product_form/46" "Mozilla/5.0 (Windows NT 10.0; Win64; x64) AppleWebKit/537.36 (KHTML, like Gecko) Chrome/58.0.3029.81 Safari/537.36"
103.63.13.242 - - [24/Apr/2017:09:38:28 +0000] "POST /account/product_form/46 HTTP/1.0" 302 403 "http://www.gfoodnow.com/account/product_form/46" "Mozilla/5.0 (Windows NT 10.0; Win64; x64) AppleWebKit/537.36 (KHTML, like Gecko) Chrome/58.0.3029.81 Safari/537.36"
103.63.13.242 - - [24/Apr/2017:09:38:28 +0000] "GET /account/product_form/46 HTTP/1.0" 200 20689 "http://www.gfoodnow.com/account/product_form/46" "Mozilla/5.0 (Windows NT 10.0; Win64; x64) AppleWebKit/537.36 (KHTML, like Gecko) Chrome/58.0.3029.81 Safari/537.36"
103.63.13.242 - - [24/Apr/2017:09:38:33 +0000] "GET /public/index.php?url=pagejsandcss/js/account/product_form&sid=1492585590 HTTP/1.0" 200 3721 "http://www.gfoodnow.com/account/product_form/46" "Mozilla/5.0 (Windows NT 10.0; Win64; x64) AppleWebKit/537.36 (KHTML, like Gecko) Chrome/58.0.3029.81 Safari/537.36"
103.63.13.242 - - [24/Apr/2017:09:38:34 +0000] "GET /css/theme-color.php HTTP/1.0" 200 2829 "http://www.gfoodnow.com/account/product_form/46" "Mozilla/5.0 (Windows NT 10.0; Win64; x64) AppleWebKit/537.36 (KHTML, like Gecko) Chrome/58.0.3029.81 Safari/537.36"
45.63.23.126 - - [24/Apr/2017:09:38:36 +0000] "POST /user/account? HTTP/1.0" 302 487 "http://www.gfoodnow.com/user/account?" "Mozilla/5.0 (Windows NT 6.3; WOW64) AppleWebKit/537.36 (KHTML, like Gecko) Chrome/57.0.2987.133 Safari/537.36"
45.63.23.126 - - [24/Apr/2017:09:38:37 +0000] "GET / HTTP/1.0" 200 8172 "http://www.gfoodnow.com/user/account?" "Mozilla/5.0 (Windows NT 6.3; WOW64) AppleWebKit/537.36 (KHTML, like Gecko) Chrome/57.0.2987.133 Safari/537.36"
103.63.13.242 - - [24/Apr/2017:09:38:37 +0000] "GET /image/mobile_icon_logo/android-icon-72x72.png HTTP/1.0" 200 3395 "http://www.gfoodnow.com/account/product_form/46" "Mozilla/5.0 (Windows NT 10.0; Win64; x64) AppleWebKit/537.36 (KHTML, like Gecko) Chrome/58.0.3029.81 Safari/537.36"
45.63.23.126 - - [24/Apr/2017:09:38:37 +0000] "GET /public/index.php?url=pagejsandcss/js/home/default_action&sid=1492759650 HTTP/1.0" 200 1213 "http://www.gfoodnow.com/" "Mozilla/5.0 (Windows NT 6.3; WOW64) AppleWebKit/537.36 (KHTML, like Gecko) Chrome/57.0.2987.133 Safari/537.36"
103.63.13.242 - - [24/Apr/2017:09:38:37 +0000] "GET /image/site_logo/gf1.png HTTP/1.0" 200 10201 "http://www.gfoodnow.com/account/product_form/46" "Mozilla/5.0 (Windows NT 10.0; Win64; x64) AppleWebKit/537.36 (KHTML, like Gecko) Chrome/58.0.3029.81 Safari/537.36"
45.63.23.126 - - [24/Apr/2017:09:38:37 +0000] "GET /css/theme-color.php HTTP/1.0" 200 2829 "http://www.gfoodnow.com/" "Mozilla/5.0 (Windows NT 6.3; WOW64) AppleWebKit/537.36 (KHTML, like Gecko) Chrome/57.0.2987.133 Safari/537.36"
45.63.23.126 - - [24/Apr/2017:09:38:38 +0000] "GET /image/mobile_icon_logo/android-icon-72x72.png HTTP/1.0" 200 3395 "http://www.gfoodnow.com/" "Mozilla/5.0 (Windows NT 6.3; WOW64) AppleWebKit/537.36 (KHTML, like Gecko) Chrome/57.0.2987.133 Safari/537.36"
45.63.23.126 - - [24/Apr/2017:09:38:38 +0000] "GET /image/site_logo/gf1.png HTTP/1.0" 200 10201 "http://www.gfoodnow.com/" "Mozilla/5.0 (Windows NT 6.3; WOW64) AppleWebKit/537.36 (KHTML, like Gecko) Chrome/57.0.2987.133 Safari/537.36"
45.63.23.126 - - [24/Apr/2017:09:38:38 +0000] "GET /image/slide/gFoodNowslideryokart.png/NORMAL HTTP/1.0" 304 279 "http://www.gfoodnow.com/" "Mozilla/5.0 (Windows NT 6.3; WOW64) AppleWebKit/537.36 (KHTML, like Gecko) Chrome/57.0.2987.133 Safari/537.36"
45.63.23.126 - - [24/Apr/2017:09:38:38 +0000] "GET /image/slide/2.png/NORMAL HTTP/1.0" 304 279 "http://www.gfoodnow.com/" "Mozilla/5.0 (Windows NT 6.3; WOW64) AppleWebKit/537.36 (KHTML, like Gecko) Chrome/57.0.2987.133 Safari/537.36"
45.63.23.126 - - [24/Apr/2017:09:38:38 +0000] "GET /image/slide/4.png/NORMAL HTTP/1.0" 304 279 "http://www.gfoodnow.com/" "Mozilla/5.0 (Windows NT 6.3; WOW64) AppleWebKit/537.36 (KHTML, like Gecko) Chrome/57.0.2987.133 Safari/537.36"
45.63.23.126 - - [24/Apr/2017:09:38:38 +0000] "GET /image/slide/3.png/NORMAL HTTP/1.0" 304 279 "http://www.gfoodnow.com/" "Mozilla/5.0 (Windows NT 6.3; WOW64) AppleWebKit/537.36 (KHTML, like Gecko) Chrome/57.0.2987.133 Safari/537.36"
45.63.23.126 - - [24/Apr/2017:09:38:38 +0000] "GET /image/footer_logo_graphic/gf2.png HTTP/1.0" 200 10555 "http://www.gfoodnow.com/" "Mozilla/5.0 (Windows NT 6.3; WOW64) AppleWebKit/537.36 (KHTML, like Gecko) Chrome/57.0.2987.133 Safari/537.36"
45.63.23.126 - - [24/Apr/2017:09:38:38 +0000] "GET /image/social_platform_icon/fb.svg HTTP/1.0" 200 1000 "http://www.gfoodnow.com/" "Mozilla/5.0 (Windows NT 6.3; WOW64) AppleWebKit/537.36 (KHTML, like Gecko) Chrome/57.0.2987.133 Safari/537.36"
45.63.23.126 - - [24/Apr/2017:09:38:38 +0000] "GET /image/social_platform_icon/instagramlogo.jpg HTTP/1.0" 200 9550 "http://www.gfoodnow.com/" "Mozilla/5.0 (Windows NT 6.3; WOW64) AppleWebKit/537.36 (KHTML, like Gecko) Chrome/57.0.2987.133 Safari/537.36"
45.63.23.126 - - [24/Apr/2017:09:38:38 +0000] "GET /image/social_platform_icon/tw.svg HTTP/1.0" 200 1519 "http://www.gfoodnow.com/" "Mozilla/5.0 (Windows NT 6.3; WOW64) AppleWebKit/537.36 (KHTML, like Gecko) Chrome/57.0.2987.133 Safari/537.36"
45.63.23.126 - - [24/Apr/2017:09:38:38 +0000] "GET /image/social_platform_icon/yt.svg HTTP/1.0" 200 4095 "http://www.gfoodnow.com/" "Mozilla/5.0 (Windows NT 6.3; WOW64) AppleWebKit/537.36 (KHTML, like Gecko) Chrome/57.0.2987.133 Safari/537.36"
45.63.23.126 - - [24/Apr/2017:09:38:38 +0000] "GET /image/social_platform_icon/pinterest.svg HTTP/1.0" 200 1094 "http://www.gfoodnow.com/" "Mozilla/5.0 (Windows NT 6.3; WOW64) AppleWebKit/537.36 (KHTML, like Gecko) Chrome/57.0.2987.133 Safari/537.36"
45.63.23.126 - - [24/Apr/2017:09:38:41 +0000] "GET /image/slide/4.png HTTP/1.0" 200 828975 "http://www.gfoodnow.com/" "Mozilla/5.0 (Windows NT 6.3; WOW64) AppleWebKit/537.36 (KHTML, like Gecko) Chrome/57.0.2987.133 Safari/537.36"
45.63.23.126 - - [24/Apr/2017:09:38:41 +0000] "GET /image/slide/3.png HTTP/1.0" 200 903353 "http://www.gfoodnow.com/" "Mozilla/5.0 (Windows NT 6.3; WOW64) AppleWebKit/537.36 (KHTML, like Gecko) Chrome/57.0.2987.133 Safari/537.36"
45.63.23.126 - - [24/Apr/2017:09:38:41 +0000] "GET /image/slide/gFoodNowslideryokart.png HTTP/1.0" 200 266829 "http://www.gfoodnow.com/" "Mozilla/5.0 (Windows NT 6.3; WOW64) AppleWebKit/537.36 (KHTML, like Gecko) Chrome/57.0.2987.133 Safari/537.36"
45.63.23.126 - - [24/Apr/2017:09:38:41 +0000] "GET /image/slide/2.png HTTP/1.0" 200 657820 "http://www.gfoodnow.com/" "Mozilla/5.0 (Windows NT 6.3; WOW64) AppleWebKit/537.36 (KHTML, like Gecko) Chrome/57.0.2987.133 Safari/537.36"
45.63.23.126 - - [24/Apr/2017:09:38:41 +0000] "GET /image/banner/4.png/LARGE HTTP/1.0" 200 881181 "http://www.gfoodnow.com/" "Mozilla/5.0 (Windows NT 6.3; WOW64) AppleWebKit/537.36 (KHTML, like Gecko) Chrome/57.0.2987.133 Safari/537.36"
45.63.23.126 - - [24/Apr/2017:09:38:41 +0000] "GET /image/banner/SUSTAINABLE.png/MEDIUM HTTP/1.0" 200 602090 "http://www.gfoodnow.com/" "Mozilla/5.0 (Windows NT 6.3; WOW64) AppleWebKit/537.36 (KHTML, like Gecko) Chrome/57.0.2987.133 Safari/537.36"
45.63.23.126 - - [24/Apr/2017:09:38:42 +0000] "GET /image/banner/267171_3.png/MEDIUM HTTP/1.0" 200 831425 "http://www.gfoodnow.com/" "Mozilla/5.0 (Windows NT 6.3; WOW64) AppleWebKit/537.36 (KHTML, like Gecko) Chrome/57.0.2987.133 Safari/537.36"
103.63.13.242 - - [24/Apr/2017:09:38:44 +0000] "GET /image/user//SMALL HTTP/1.0" 304 279 "http://www.gfoodnow.com/account/product_form/46" "Mozilla/5.0 (Windows NT 10.0; Win64; x64) AppleWebKit/537.36 (KHTML, like Gecko) Chrome/58.0.3029.81 Safari/537.36"
103.63.13.242 - - [24/Apr/2017:09:39:14 +0000] "GET /account/publications HTTP/1.0" 200 10426 "http://www.gfoodnow.com/account/product_form/46" "Mozilla/5.0 (Windows NT 10.0; Win64; x64) AppleWebKit/537.36 (KHTML, like Gecko) Chrome/58.0.3029.81 Safari/537.36"
103.63.13.242 - - [24/Apr/2017:09:39:15 +0000] "GET /public/index.php?url=pagejsandcss/js/account/publications&sid=1492585590 HTTP/1.0" 200 501 "http://www.gfoodnow.com/account/publications" "Mozilla/5.0 (Windows NT 10.0; Win64; x64) AppleWebKit/537.36 (KHTML, like Gecko) Chrome/58.0.3029.81 Safari/537.36"
103.63.13.242 - - [24/Apr/2017:09:39:16 +0000] "GET /css/theme-color.php HTTP/1.0" 200 2829 "http://www.gfoodnow.com/account/publications" "Mozilla/5.0 (Windows NT 10.0; Win64; x64) AppleWebKit/537.36 (KHTML, like Gecko) Chrome/58.0.3029.81 Safari/537.36"
103.63.13.242 - - [24/Apr/2017:09:39:16 +0000] "GET /image/mobile_icon_logo/android-icon-72x72.png HTTP/1.0" 200 3395 "http://www.gfoodnow.com/account/publications" "Mozilla/5.0 (Windows NT 10.0; Win64; x64) AppleWebKit/537.36 (KHTML, like Gecko) Chrome/58.0.3029.81 Safari/537.36"
103.63.13.242 - - [24/Apr/2017:09:39:16 +0000] "GET /image/site_logo/gf1.png HTTP/1.0" 200 10201 "http://www.gfoodnow.com/account/publications" "Mozilla/5.0 (Windows NT 10.0; Win64; x64) AppleWebKit/537.36 (KHTML, like Gecko) Chrome/58.0.3029.81 Safari/537.36"
103.63.13.242 - - [24/Apr/2017:09:39:16 +0000] "GET /image/user//SMALL HTTP/1.0" 200 1508 "http://www.gfoodnow.com/account/publications" "Mozilla/5.0 (Windows NT 10.0; Win64; x64) AppleWebKit/537.36 (KHTML, like Gecko) Chrome/58.0.3029.81 Safari/537.36"
103.63.13.242 - - [24/Apr/2017:09:39:16 +0000] "GET /image/product_image/51/THUMB HTTP/1.0" 200 13875 "http://www.gfoodnow.com/account/publications" "Mozilla/5.0 (Windows NT 10.0; Win64; x64) AppleWebKit/537.36 (KHTML, like Gecko) Chrome/58.0.3029.81 Safari/537.36"
103.63.13.242 - - [24/Apr/2017:09:39:16 +0000] "GET /image/product_image/49/THUMB HTTP/1.0" 304 279 "http://www.gfoodnow.com/account/publications" "Mozilla/5.0 (Windows NT 10.0; Win64; x64) AppleWebKit/537.36 (KHTML, like Gecko) Chrome/58.0.3029.81 Safari/537.36"
103.63.13.242 - - [24/Apr/2017:09:39:16 +0000] "GET /image/product_image/50/THUMB HTTP/1.0" 304 279 "http://www.gfoodnow.com/account/publications" "Mozilla/5.0 (Windows NT 10.0; Win64; x64) AppleWebKit/537.36 (KHTML, like Gecko) Chrome/58.0.3029.81 Safari/537.36"
103.63.13.242 - - [24/Apr/2017:09:39:16 +0000] "GET /image/product_image/48/THUMB HTTP/1.0" 304 279 "http://www.gfoodnow.com/account/publications" "Mozilla/5.0 (Windows NT 10.0; Win64; x64) AppleWebKit/537.36 (KHTML, like Gecko) Chrome/58.0.3029.81 Safari/537.36"
103.63.13.242 - - [24/Apr/2017:09:39:16 +0000] "GET /image/product_image/47/THUMB HTTP/1.0" 304 279 "http://www.gfoodnow.com/account/publications" "Mozilla/5.0 (Windows NT 10.0; Win64; x64) AppleWebKit/537.36 (KHTML, like Gecko) Chrome/58.0.3029.81 Safari/537.36"
103.63.13.242 - - [24/Apr/2017:09:39:17 +0000] "GET /image/product_image/46/THUMB HTTP/1.0" 304 279 "http://www.gfoodnow.com/account/publications" "Mozilla/5.0 (Windows NT 10.0; Win64; x64) AppleWebKit/537.36 (KHTML, like Gecko) Chrome/58.0.3029.81 Safari/537.36"
103.63.13.242 - - [24/Apr/2017:09:39:17 +0000] "GET /image/product_image/45/THUMB HTTP/1.0" 304 279 "http://www.gfoodnow.com/account/publications" "Mozilla/5.0 (Windows NT 10.0; Win64; x64) AppleWebKit/537.36 (KHTML, like Gecko) Chrome/58.0.3029.81 Safari/537.36"
103.63.13.242 - - [24/Apr/2017:09:39:19 +0000] "GET /image/product_image/44/THUMB HTTP/1.0" 304 279 "http://www.gfoodnow.com/account/publications" "Mozilla/5.0 (Windows NT 10.0; Win64; x64) AppleWebKit/537.36 (KHTML, like Gecko) Chrome/58.0.3029.81 Safari/537.36"
103.63.13.242 - - [24/Apr/2017:09:39:19 +0000] "GET /image/product_image/49/THUMB HTTP/1.0" 200 1837 "-" "OSSProxy 1.3.337.398 (Build 337.398 Win32 en-us)(Mar 13 2017 14:07:17)"
103.63.13.242 - - [24/Apr/2017:09:39:19 +0000] "GET /image/product_image/42/THUMB HTTP/1.0" 304 279 "http://www.gfoodnow.com/account/publications" "Mozilla/5.0 (Windows NT 10.0; Win64; x64) AppleWebKit/537.36 (KHTML, like Gecko) Chrome/58.0.3029.81 Safari/537.36"
103.63.13.242 - - [24/Apr/2017:09:39:19 +0000] "GET /image/product_image/43/THUMB HTTP/1.0" 304 279 "http://www.gfoodnow.com/account/publications" "Mozilla/5.0 (Windows NT 10.0; Win64; x64) AppleWebKit/537.36 (KHTML, like Gecko) Chrome/58.0.3029.81 Safari/537.36"
103.63.13.242 - - [24/Apr/2017:09:39:19 +0000] "GET /image/product_image/50/THUMB HTTP/1.0" 200 1837 "-" "OSSProxy 1.3.337.398 (Build 337.398 Win32 en-us)(Mar 13 2017 14:07:17)"
103.63.13.242 - - [24/Apr/2017:09:39:20 +0000] "GET /image/product_image/48/THUMB HTTP/1.0" 200 1837 "-" "OSSProxy 1.3.337.398 (Build 337.398 Win32 en-us)(Mar 13 2017 14:07:17)"
103.63.13.242 - - [24/Apr/2017:09:39:20 +0000] "GET /image/product_image/47/THUMB HTTP/1.0" 200 1837 "-" "OSSProxy 1.3.337.398 (Build 337.398 Win32 en-us)(Mar 13 2017 14:07:17)"
103.63.13.242 - - [24/Apr/2017:09:39:21 +0000] "GET /image/product_image/46/THUMB HTTP/1.0" 200 1837 "-" "OSSProxy 1.3.337.398 (Build 337.398 Win32 en-us)(Mar 13 2017 14:07:17)"
103.63.13.242 - - [24/Apr/2017:09:39:21 +0000] "GET /image/product_image/45/THUMB HTTP/1.0" 200 1837 "-" "OSSProxy 1.3.337.398 (Build 337.398 Win32 en-us)(Mar 13 2017 14:07:17)"
103.63.13.242 - - [24/Apr/2017:09:39:22 +0000] "GET /image/product_image/44/THUMB HTTP/1.0" 200 1837 "-" "OSSProxy 1.3.337.398 (Build 337.398 Win32 en-us)(Mar 13 2017 14:07:17)"
103.63.13.242 - - [24/Apr/2017:09:39:22 +0000] "GET /image/product_image/42/THUMB HTTP/1.0" 200 1837 "-" "OSSProxy 1.3.337.398 (Build 337.398 Win32 en-us)(Mar 13 2017 14:07:17)"
103.63.13.242 - - [24/Apr/2017:09:39:23 +0000] "GET /image/product_image/43/THUMB HTTP/1.0" 200 1837 "-" "OSSProxy 1.3.337.398 (Build 337.398 Win32 en-us)(Mar 13 2017 14:07:17)"
45.63.23.126 - - [24/Apr/2017:09:39:24 +0000] "GET /account HTTP/1.0" 302 406 "http://www.gfoodnow.com/" "Mozilla/5.0 (Windows NT 6.3; WOW64) AppleWebKit/537.36 (KHTML, like Gecko) Chrome/57.0.2987.133 Safari/537.36"
103.63.13.242 - - [24/Apr/2017:09:39:24 +0000] "GET /account/product_form/47 HTTP/1.0" 200 20736 "http://www.gfoodnow.com/account/publications" "Mozilla/5.0 (Windows NT 10.0; Win64; x64) AppleWebKit/537.36 (KHTML, like Gecko) Chrome/58.0.3029.81 Safari/537.36"
45.63.23.126 - - [24/Apr/2017:09:39:25 +0000] "GET /account/dashboard_supplier HTTP/1.0" 200 10702 "http://www.gfoodnow.com/" "Mozilla/5.0 (Windows NT 6.3; WOW64) AppleWebKit/537.36 (KHTML, like Gecko) Chrome/57.0.2987.133 Safari/537.36"
45.63.23.126 - - [24/Apr/2017:09:39:25 +0000] "GET /public/index.php?url=pagejsandcss/js/account/dashboard_supplier&sid=1492585590 HTTP/1.0" 200 404 "http://www.gfoodnow.com/account/dashboard_supplier" "Mozilla/5.0 (Windows NT 6.3; WOW64) AppleWebKit/537.36 (KHTML, like Gecko) Chrome/57.0.2987.133 Safari/537.36"
103.63.13.242 - - [24/Apr/2017:09:39:25 +0000] "GET /public/index.php?url=pagejsandcss/js/account/product_form&sid=1492585590 HTTP/1.0" 200 3721 "http://www.gfoodnow.com/account/product_form/47" "Mozilla/5.0 (Windows NT 10.0; Win64; x64) AppleWebKit/537.36 (KHTML, like Gecko) Chrome/58.0.3029.81 Safari/537.36"
45.63.23.126 - - [24/Apr/2017:09:39:25 +0000] "GET /css/theme-color.php HTTP/1.0" 200 2829 "http://www.gfoodnow.com/account/dashboard_supplier" "Mozilla/5.0 (Windows NT 6.3; WOW64) AppleWebKit/537.36 (KHTML, like Gecko) Chrome/57.0.2987.133 Safari/537.36"
45.63.23.126 - - [24/Apr/2017:09:39:25 +0000] "GET /image/mobile_icon_logo/android-icon-72x72.png HTTP/1.0" 200 3395 "http://www.gfoodnow.com/account/dashboard_supplier" "Mozilla/5.0 (Windows NT 6.3; WOW64) AppleWebKit/537.36 (KHTML, like Gecko) Chrome/57.0.2987.133 Safari/537.36"
45.63.23.126 - - [24/Apr/2017:09:39:26 +0000] "GET /images/retina/arrow-right.svg HTTP/1.0" 200 645 "http://www.gfoodnow.com/public/index.php?url=jscss/css&f=css%2Fbootstrap.min.css%2Ccss%2Fskeleton.css%2Ccss%2Fnav.css%2Ccss%2Fcommon.css%2Ccss%2Fionicons.css%2Ccss%2Fphone.css%2Ccss%2Ftablet.css%2Ccss%2Fslider.css%2Ccss%2Fjquery-ui.css%2Ccss%2Ffacebox.css%2Ccss%2Feasy-responsive-tabs.css%2CreCaptcha%2Fstyle.css&min=1&sid=1492585591" "Mozilla/5.0 (Windows NT 6.3; WOW64) AppleWebKit/537.36 (KHTML, like Gecko) Chrome/57.0.2987.133 Safari/537.36"
45.63.23.126 - - [24/Apr/2017:09:39:26 +0000] "GET /images/retina/shop.svg HTTP/1.0" 200 1494 "http://www.gfoodnow.com/account/dashboard_supplier" "Mozilla/5.0 (Windows NT 6.3; WOW64) AppleWebKit/537.36 (KHTML, like Gecko) Chrome/57.0.2987.133 Safari/537.36"
45.63.23.126 - - [24/Apr/2017:09:39:26 +0000] "GET /images/retina/product.svg HTTP/1.0" 200 1846 "http://www.gfoodnow.com/account/dashboard_supplier" "Mozilla/5.0 (Windows NT 6.3; WOW64) AppleWebKit/537.36 (KHTML, like Gecko) Chrome/57.0.2987.133 Safari/537.36"
45.63.23.126 - - [24/Apr/2017:09:39:26 +0000] "GET /images/cut-arrow.png HTTP/1.0" 200 1409 "http://www.gfoodnow.com/public/index.php?url=jscss/css&f=css%2Fbootstrap.min.css%2Ccss%2Fskeleton.css%2Ccss%2Fnav.css%2Ccss%2Fcommon.css%2Ccss%2Fionicons.css%2Ccss%2Fphone.css%2Ccss%2Ftablet.css%2Ccss%2Fslider.css%2Ccss%2Fjquery-ui.css%2Ccss%2Ffacebox.css%2Ccss%2Feasy-responsive-tabs.css%2CreCaptcha%2Fstyle.css&min=1&sid=1492585591" "Mozilla/5.0 (Windows NT 6.3; WOW64) AppleWebKit/537.36 (KHTML, like Gecko) Chrome/57.0.2987.133 Safari/537.36"
45.63.23.126 - - [24/Apr/2017:09:39:25 +0000] "GET /image/site_logo/gf1.png HTTP/1.0" 200 10201 "http://www.gfoodnow.com/account/dashboard_supplier" "Mozilla/5.0 (Windows NT 6.3; WOW64) AppleWebKit/537.36 (KHTML, like Gecko) Chrome/57.0.2987.133 Safari/537.36"
103.63.13.242 - - [24/Apr/2017:09:39:26 +0000] "GET /css/theme-color.php HTTP/1.0" 200 2829 "http://www.gfoodnow.com/account/product_form/47" "Mozilla/5.0 (Windows NT 10.0; Win64; x64) AppleWebKit/537.36 (KHTML, like Gecko) Chrome/58.0.3029.81 Safari/537.36"
45.63.23.126 - - [24/Apr/2017:09:39:26 +0000] "GET /image/user//SMALL HTTP/1.0" 200 1508 "http://www.gfoodnow.com/account/dashboard_supplier" "Mozilla/5.0 (Windows NT 6.3; WOW64) AppleWebKit/537.36 (KHTML, like Gecko) Chrome/57.0.2987.133 Safari/537.36"
103.63.13.242 - - [24/Apr/2017:09:39:26 +0000] "GET /image/mobile_icon_logo/android-icon-72x72.png HTTP/1.0" 200 3395 "http://www.gfoodnow.com/account/product_form/47" "Mozilla/5.0 (Windows NT 10.0; Win64; x64) AppleWebKit/537.36 (KHTML, like Gecko) Chrome/58.0.3029.81 Safari/537.36"
103.63.13.242 - - [24/Apr/2017:09:39:26 +0000] "GET /image/site_logo/gf1.png HTTP/1.0" 200 10201 "http://www.gfoodnow.com/account/product_form/47" "Mozilla/5.0 (Windows NT 10.0; Win64; x64) AppleWebKit/537.36 (KHTML, like Gecko) Chrome/58.0.3029.81 Safari/537.36"
103.63.13.242 - - [24/Apr/2017:09:39:26 +0000] "GET /image/user//SMALL HTTP/1.0" 304 279 "http://www.gfoodnow.com/account/product_form/47" "Mozilla/5.0 (Windows NT 10.0; Win64; x64) AppleWebKit/537.36 (KHTML, like Gecko) Chrome/58.0.3029.81 Safari/537.36"
103.63.13.242 - - [24/Apr/2017:09:39:26 +0000] "POST /products/getImageUploadTab/47 HTTP/1.0" 200 1261 "http://www.gfoodnow.com/account/product_form/47" "Mozilla/5.0 (Windows NT 10.0; Win64; x64) AppleWebKit/537.36 (KHTML, like Gecko) Chrome/58.0.3029.81 Safari/537.36"
45.63.23.126 - - [24/Apr/2017:09:39:30 +0000] "GET /account/product_form HTTP/1.0" 200 20568 "http://www.gfoodnow.com/account/dashboard_supplier" "Mozilla/5.0 (Windows NT 6.3; WOW64) AppleWebKit/537.36 (KHTML, like Gecko) Chrome/57.0.2987.133 Safari/537.36"
45.63.23.126 - - [24/Apr/2017:09:39:31 +0000] "GET /public/index.php?url=jscss/css&f=css%2Ftooltipster.css&min=1&sid=1492585591 HTTP/1.0" 200 1929 "http://www.gfoodnow.com/account/product_form" "Mozilla/5.0 (Windows NT 6.3; WOW64) AppleWebKit/537.36 (KHTML, like Gecko) Chrome/57.0.2987.133 Safari/537.36"
45.63.23.126 - - [24/Apr/2017:09:39:31 +0000] "GET /public/index.php?url=pagejsandcss/css/account/product_form&sid=1492585590 HTTP/1.0" 200 530 "http://www.gfoodnow.com/account/product_form" "Mozilla/5.0 (Windows NT 6.3; WOW64) AppleWebKit/537.36 (KHTML, like Gecko) Chrome/57.0.2987.133 Safari/537.36"
