103.63.13.242 - - [24/Apr/2017:08:06:08 +0000] "GET /image/product_image/3/MEDIUM HTTP/1.0" 304 279 "http://www.gfoodnow.com/" "Mozilla/5.0 (Windows NT 10.0; Win64; x64) AppleWebKit/537.36 (KHTML, like Gecko) Chrome/57.0.2987.133 Safari/537.36"
103.63.13.242 - - [24/Apr/2017:08:06:08 +0000] "GET /image/product_image/5/MEDIUM HTTP/1.0" 304 279 "http://www.gfoodnow.com/" "Mozilla/5.0 (Windows NT 10.0; Win64; x64) AppleWebKit/537.36 (KHTML, like Gecko) Chrome/57.0.2987.133 Safari/537.36"
103.63.13.242 - - [24/Apr/2017:08:06:09 +0000] "GET /image/banner/4.png/LARGE HTTP/1.0" 200 881181 "http://www.gfoodnow.com/" "Mozilla/5.0 (Windows NT 10.0; Win64; x64) AppleWebKit/537.36 (KHTML, like Gecko) Chrome/57.0.2987.133 Safari/537.36"
27.62.80.75 - - [24/Apr/2017:08:06:18 +0000] "GET /image/slide/4.png HTTP/1.0" 200 828975 "http://www.gfoodnow.com/" "Mozilla/5.0 (Windows NT 10.0; WOW64; rv:52.0) Gecko/20100101 Firefox/52.0"
27.62.80.75 - - [24/Apr/2017:08:06:19 +0000] "POST /manager/labels/listLabels HTTP/1.0" 200 1930 "http://www.gfoodnow.com/manager/labels" "Mozilla/5.0 (Windows NT 10.0; Win64; x64) AppleWebKit/537.36 (KHTML, like Gecko) Chrome/58.0.3029.81 Safari/537.36"
103.63.13.242 - - [24/Apr/2017:08:06:26 +0000] "GET /image/banner/SUSTAINABLE.png/MEDIUM HTTP/1.0" 200 602090 "http://www.gfoodnow.com/" "Mozilla/5.0 (Windows NT 10.0; Win64; x64) AppleWebKit/537.36 (KHTML, like Gecko) Chrome/57.0.2987.133 Safari/537.36"
27.62.80.75 - - [24/Apr/2017:08:06:30 +0000] "POST /manager/labels/listLabels HTTP/1.0" 200 2367 "http://www.gfoodnow.com/manager/labels" "Mozilla/5.0 (Windows NT 10.0; Win64; x64) AppleWebKit/537.36 (KHTML, like Gecko) Chrome/58.0.3029.81 Safari/537.36"
103.63.13.242 - - [24/Apr/2017:08:06:31 +0000] "GET /image/banner/267171_3.png/MEDIUM HTTP/1.0" 200 831425 "http://www.gfoodnow.com/" "Mozilla/5.0 (Windows NT 10.0; Win64; x64) AppleWebKit/537.36 (KHTML, like Gecko) Chrome/57.0.2987.133 Safari/537.36"
27.62.80.75 - - [24/Apr/2017:08:06:38 +0000] "GET /image/product_image/9/MEDIUM HTTP/1.0" 200 5203 "http://www.gfoodnow.com/" "Mozilla/5.0 (Windows NT 10.0; WOW64; rv:52.0) Gecko/20100101 Firefox/52.0"
27.62.80.75 - - [24/Apr/2017:08:06:41 +0000] "GET /image/product_image/11/MEDIUM HTTP/1.0" 200 5203 "http://www.gfoodnow.com/" "Mozilla/5.0 (Windows NT 10.0; WOW64; rv:52.0) Gecko/20100101 Firefox/52.0"
27.62.80.75 - - [24/Apr/2017:08:06:42 +0000] "POST /manager/labels/listLabels HTTP/1.0" 200 1846 "http://www.gfoodnow.com/manager/labels" "Mozilla/5.0 (Windows NT 10.0; Win64; x64) AppleWebKit/537.36 (KHTML, like Gecko) Chrome/58.0.3029.81 Safari/537.36"
27.62.80.75 - - [24/Apr/2017:08:06:43 +0000] "GET /image/product_image/32/MEDIUM HTTP/1.0" 200 5203 "http://www.gfoodnow.com/" "Mozilla/5.0 (Windows NT 10.0; WOW64; rv:52.0) Gecko/20100101 Firefox/52.0"
27.62.80.75 - - [24/Apr/2017:08:06:44 +0000] "GET /image/product_image/3/MEDIUM HTTP/1.0" 200 8935 "http://www.gfoodnow.com/" "Mozilla/5.0 (Windows NT 10.0; WOW64; rv:52.0) Gecko/20100101 Firefox/52.0"
27.62.80.75 - - [24/Apr/2017:08:06:47 +0000] "GET /image/banner/4.png/LARGE HTTP/1.0" 200 881181 "http://www.gfoodnow.com/" "Mozilla/5.0 (Windows NT 10.0; WOW64; rv:52.0) Gecko/20100101 Firefox/52.0"
27.62.80.75 - - [24/Apr/2017:08:06:49 +0000] "POST /manager/labels/listLabels HTTP/1.0" 200 1999 "http://www.gfoodnow.com/manager/labels" "Mozilla/5.0 (Windows NT 10.0; Win64; x64) AppleWebKit/537.36 (KHTML, like Gecko) Chrome/58.0.3029.81 Safari/537.36"
27.62.80.75 - - [24/Apr/2017:08:07:00 +0000] "POST /manager/labels/listLabels HTTP/1.0" 200 1848 "http://www.gfoodnow.com/manager/labels" "Mozilla/5.0 (Windows NT 10.0; Win64; x64) AppleWebKit/537.36 (KHTML, like Gecko) Chrome/58.0.3029.81 Safari/537.36"
27.62.80.75 - - [24/Apr/2017:08:07:08 +0000] "POST /manager/labels/listLabels HTTP/1.0" 200 1825 "http://www.gfoodnow.com/manager/labels" "Mozilla/5.0 (Windows NT 10.0; Win64; x64) AppleWebKit/537.36 (KHTML, like Gecko) Chrome/58.0.3029.81 Safari/537.36"
27.62.80.75 - - [24/Apr/2017:08:09:13 +0000] "GET /image/banner/SUSTAINABLE.png/MEDIUM HTTP/1.0" 200 602090 "http://www.gfoodnow.com/" "Mozilla/5.0 (Windows NT 10.0; WOW64; rv:52.0) Gecko/20100101 Firefox/52.0"
104.156.253.163 - - [24/Apr/2017:08:10:01 +0000] "GET /cronjobs/execute HTTP/1.0" 200 361 "-" "curl/7.38.0"
27.62.80.75 - - [24/Apr/2017:08:11:17 +0000] "GET /image/banner/267171_3.png/MEDIUM HTTP/1.0" 200 831425 "http://www.gfoodnow.com/" "Mozilla/5.0 (Windows NT 10.0; WOW64; rv:52.0) Gecko/20100101 Firefox/52.0"
27.62.80.75 - - [24/Apr/2017:08:11:30 +0000] "GET /image/product_image/5/MEDIUM HTTP/1.0" 304 279 "http://www.gfoodnow.com/" "Mozilla/5.0 (Windows NT 10.0; WOW64; rv:52.0) Gecko/20100101 Firefox/52.0"
27.62.80.75 - - [24/Apr/2017:08:11:34 +0000] "GET /images/payment-cards.png HTTP/1.0" 304 218 "http://www.gfoodnow.com/" "Mozilla/5.0 (Windows NT 10.0; WOW64; rv:52.0) Gecko/20100101 Firefox/52.0"
190.129.24.154 - - [24/Apr/2017:08:13:07 +0000] "PROPFIND /webdav/ HTTP/1.0" 200 693 "-" "WEBDAV Client"
104.156.253.163 - - [24/Apr/2017:08:15:01 +0000] "POST /cronjobs/cron_send_subscription_expiry_email/2017-04-24 HTTP/1.0" 200 361 "-" "-"
104.156.253.163 - - [24/Apr/2017:08:15:01 +0000] "GET /cronjobs/execute HTTP/1.0" 200 361 "-" "curl/7.38.0"
104.156.253.163 - - [24/Apr/2017:08:20:01 +0000] "GET /cronjobs/execute HTTP/1.0" 200 361 "-" "curl/7.38.0"
46.101.139.248 - - [24/Apr/2017:08:24:42 +0000] "GET / HTTP/1.0" 301 605 "-" "Mozilla/5.0 (Windows NT 5.1; rv:7.0.1) Gecko/20100101 Firefox/7.0.1"
46.101.139.248 - - [24/Apr/2017:08:24:43 +0000] "GET / HTTP/1.0" 200 11640 "-" "Mozilla/5.0 (Windows NT 5.1; rv:7.0.1) Gecko/20100101 Firefox/7.0.1"
46.101.139.248 - - [24/Apr/2017:08:24:44 +0000] "POST /common/subscribe HTTP/1.0" 301 637 "http://gfoodnow.com/" "Mozilla/5.0 (Windows NT 5.1; rv:7.0.1) Gecko/20100101 Firefox/7.0.1"
46.101.139.248 - - [24/Apr/2017:08:24:45 +0000] "GET /common/subscribe HTTP/1.0" 200 715 "http://gfoodnow.com/" "Mozilla/5.0 (Windows NT 5.1; rv:7.0.1) Gecko/20100101 Firefox/7.0.1"
104.156.253.163 - - [24/Apr/2017:08:25:02 +0000] "POST /cronjobs/cron_send_subscription_expiry_email/2017-04-24 HTTP/1.0" 200 361 "-" "-"
104.156.253.163 - - [24/Apr/2017:08:25:01 +0000] "GET /cronjobs/execute HTTP/1.0" 200 361 "-" "curl/7.38.0"
27.62.80.75 - - [24/Apr/2017:08:26:30 +0000] "POST /manager/labels/listLabels HTTP/1.0" 200 1920 "http://www.gfoodnow.com/manager/labels" "Mozilla/5.0 (Windows NT 10.0; Win64; x64) AppleWebKit/537.36 (KHTML, like Gecko) Chrome/58.0.3029.81 Safari/537.36"
27.62.80.75 - - [24/Apr/2017:08:26:39 +0000] "POST /manager/labels/listLabels HTTP/1.0" 200 1864 "http://www.gfoodnow.com/manager/labels" "Mozilla/5.0 (Windows NT 10.0; Win64; x64) AppleWebKit/537.36 (KHTML, like Gecko) Chrome/58.0.3029.81 Safari/537.36"
27.62.80.75 - - [24/Apr/2017:08:26:51 +0000] "POST /manager/labels/listLabels HTTP/1.0" 200 1976 "http://www.gfoodnow.com/manager/labels" "Mozilla/5.0 (Windows NT 10.0; Win64; x64) AppleWebKit/537.36 (KHTML, like Gecko) Chrome/58.0.3029.81 Safari/537.36"
27.62.80.75 - - [24/Apr/2017:08:27:07 +0000] "POST /manager/labels/listLabels HTTP/1.0" 200 2365 "http://www.gfoodnow.com/manager/labels" "Mozilla/5.0 (Windows NT 10.0; Win64; x64) AppleWebKit/537.36 (KHTML, like Gecko) Chrome/58.0.3029.81 Safari/537.36"
27.62.80.75 - - [24/Apr/2017:08:27:38 +0000] "POST /manager/labels/listLabels HTTP/1.0" 200 2362 "http://www.gfoodnow.com/manager/labels" "Mozilla/5.0 (Windows NT 10.0; Win64; x64) AppleWebKit/537.36 (KHTML, like Gecko) Chrome/58.0.3029.81 Safari/537.36"
27.62.80.75 - - [24/Apr/2017:08:27:48 +0000] "POST /manager/labels/listLabels HTTP/1.0" 200 1846 "http://www.gfoodnow.com/manager/labels" "Mozilla/5.0 (Windows NT 10.0; Win64; x64) AppleWebKit/537.36 (KHTML, like Gecko) Chrome/58.0.3029.81 Safari/537.36"
27.62.80.75 - - [24/Apr/2017:08:27:56 +0000] "POST /manager/labels/listLabels HTTP/1.0" 200 2056 "http://www.gfoodnow.com/manager/labels" "Mozilla/5.0 (Windows NT 10.0; Win64; x64) AppleWebKit/537.36 (KHTML, like Gecko) Chrome/58.0.3029.81 Safari/537.36"
104.156.253.163 - - [24/Apr/2017:08:30:01 +0000] "GET /cronjobs/execute HTTP/1.0" 200 361 "-" "curl/7.38.0"
27.62.80.75 - - [24/Apr/2017:08:30:47 +0000] "POST /manager/labels/listLabels HTTP/1.0" 200 1869 "http://www.gfoodnow.com/manager/labels" "Mozilla/5.0 (Windows NT 10.0; Win64; x64) AppleWebKit/537.36 (KHTML, like Gecko) Chrome/58.0.3029.81 Safari/537.36"
27.62.80.75 - - [24/Apr/2017:08:30:54 +0000] "POST /manager/labels/listLabels HTTP/1.0" 200 1833 "http://www.gfoodnow.com/manager/labels" "Mozilla/5.0 (Windows NT 10.0; Win64; x64) AppleWebKit/537.36 (KHTML, like Gecko) Chrome/58.0.3029.81 Safari/537.36"
27.62.80.75 - - [24/Apr/2017:08:31:03 +0000] "POST /manager/labels/listLabels HTTP/1.0" 200 1762 "http://www.gfoodnow.com/manager/labels" "Mozilla/5.0 (Windows NT 10.0; Win64; x64) AppleWebKit/537.36 (KHTML, like Gecko) Chrome/58.0.3029.81 Safari/537.36"
27.62.80.75 - - [24/Apr/2017:08:31:07 +0000] "POST /manager/labels/listLabels HTTP/1.0" 200 2061 "http://www.gfoodnow.com/manager/labels" "Mozilla/5.0 (Windows NT 10.0; Win64; x64) AppleWebKit/537.36 (KHTML, like Gecko) Chrome/58.0.3029.81 Safari/537.36"
27.62.80.75 - - [24/Apr/2017:08:31:19 +0000] "POST /manager/labels/listLabels HTTP/1.0" 200 2175 "http://www.gfoodnow.com/manager/labels" "Mozilla/5.0 (Windows NT 10.0; Win64; x64) AppleWebKit/537.36 (KHTML, like Gecko) Chrome/58.0.3029.81 Safari/537.36"
27.62.80.75 - - [24/Apr/2017:08:32:35 +0000] "POST /manager/labels/listLabels HTTP/1.0" 200 1955 "http://www.gfoodnow.com/manager/labels" "Mozilla/5.0 (Windows NT 10.0; Win64; x64) AppleWebKit/537.36 (KHTML, like Gecko) Chrome/58.0.3029.81 Safari/537.36"
27.62.80.75 - - [24/Apr/2017:08:33:19 +0000] "GET /images/admin/loaderIcon.gif HTTP/1.0" 200 8412 "http://www.gfoodnow.com/manager/labels" "Mozilla/5.0 (Windows NT 10.0; Win64; x64) AppleWebKit/537.36 (KHTML, like Gecko) Chrome/58.0.3029.81 Safari/537.36"
27.62.80.75 - - [24/Apr/2017:08:33:19 +0000] "POST /manager/labels/updateLabelField HTTP/1.0" 200 387 "http://www.gfoodnow.com/manager/labels" "Mozilla/5.0 (Windows NT 10.0; Win64; x64) AppleWebKit/537.36 (KHTML, like Gecko) Chrome/58.0.3029.81 Safari/537.36"
27.62.80.75 - - [24/Apr/2017:08:33:29 +0000] "POST /manager/labels/updateLabelField HTTP/1.0" 200 387 "http://www.gfoodnow.com/manager/labels" "Mozilla/5.0 (Windows NT 10.0; Win64; x64) AppleWebKit/537.36 (KHTML, like Gecko) Chrome/58.0.3029.81 Safari/537.36"
27.62.80.75 - - [24/Apr/2017:08:33:32 +0000] "POST /manager/labels/listLabels HTTP/1.0" 200 1896 "http://www.gfoodnow.com/manager/labels" "Mozilla/5.0 (Windows NT 10.0; Win64; x64) AppleWebKit/537.36 (KHTML, like Gecko) Chrome/58.0.3029.81 Safari/537.36"
27.62.80.75 - - [24/Apr/2017:08:33:47 +0000] "POST /manager/labels/listLabels HTTP/1.0" 200 2066 "http://www.gfoodnow.com/manager/labels" "Mozilla/5.0 (Windows NT 10.0; Win64; x64) AppleWebKit/537.36 (KHTML, like Gecko) Chrome/58.0.3029.81 Safari/537.36"
27.62.80.75 - - [24/Apr/2017:08:34:04 +0000] "POST /manager/labels/listLabels HTTP/1.0" 200 2052 "http://www.gfoodnow.com/manager/labels" "Mozilla/5.0 (Windows NT 10.0; Win64; x64) AppleWebKit/537.36 (KHTML, like Gecko) Chrome/58.0.3029.81 Safari/537.36"
27.62.80.75 - - [24/Apr/2017:08:34:14 +0000] "POST /manager/labels/listLabels HTTP/1.0" 200 1830 "http://www.gfoodnow.com/manager/labels" "Mozilla/5.0 (Windows NT 10.0; Win64; x64) AppleWebKit/537.36 (KHTML, like Gecko) Chrome/58.0.3029.81 Safari/537.36"
27.62.80.75 - - [24/Apr/2017:08:34:24 +0000] "POST /manager/labels/listLabels HTTP/1.0" 200 2012 "http://www.gfoodnow.com/manager/labels" "Mozilla/5.0 (Windows NT 10.0; Win64; x64) AppleWebKit/537.36 (KHTML, like Gecko) Chrome/58.0.3029.81 Safari/537.36"
27.62.80.75 - - [24/Apr/2017:08:34:33 +0000] "POST /manager/labels/listLabels HTTP/1.0" 200 1780 "http://www.gfoodnow.com/manager/labels" "Mozilla/5.0 (Windows NT 10.0; Win64; x64) AppleWebKit/537.36 (KHTML, like Gecko) Chrome/58.0.3029.81 Safari/537.36"
104.156.253.163 - - [24/Apr/2017:08:35:01 +0000] "POST /cronjobs/cron_send_subscription_expiry_email/2017-04-24 HTTP/1.0" 200 361 "-" "-"
104.156.253.163 - - [24/Apr/2017:08:35:01 +0000] "GET /cronjobs/execute HTTP/1.0" 200 361 "-" "curl/7.38.0"
197.210.227.114 - - [24/Apr/2017:08:36:06 +0000] "GET / HTTP/1.0" 200 11640 "-" "Mozilla/5.0 (Windows NT 6.2; WOW64; rv:52.0) Gecko/20100101 Firefox/52.0"
197.210.227.12 - - [24/Apr/2017:08:36:08 +0000] "GET /public/index.php?url=jscss/css&f=css%2Fslick.css&min=1&sid=1492585591 HTTP/1.0" 200 904 "http://www.gfoodnow.com/" "Mozilla/5.0 (Windows NT 6.2; WOW64; rv:52.0) Gecko/20100101 Firefox/52.0"
197.210.227.242 - - [24/Apr/2017:08:36:08 +0000] "GET /public/index.php?url=jscss/css&f=css%2Fbootstrap.min.css%2Ccss%2Fskeleton.css%2Ccss%2Fnav.css%2Ccss%2Fcommon.css%2Ccss%2Fionicons.css%2Ccss%2Fphone.css%2Ccss%2Ftablet.css%2Ccss%2Fslider.css%2Ccss%2Fjquery-ui.css%2Ccss%2Ffacebox.css%2Ccss%2Feasy-responsive-tabs.css%2CreCaptcha%2Fstyle.css&min=1&sid=1492585591 HTTP/1.0" 200 96636 "http://www.gfoodnow.com/" "Mozilla/5.0 (Windows NT 6.2; WOW64; rv:52.0) Gecko/20100101 Firefox/52.0"
197.210.227.114 - - [24/Apr/2017:08:36:08 +0000] "GET /public/index.php?url=jscss/js&f=js%2Frespond.min.js%2Cjs%2Fjquery-latest.js%2Cjs%2Fjquery-ui.js%2Cform-validation.js.php%2Cfunctions.js.php%2Cjs%2FjQueryRotate.js%2Cjs%2Fsite-functions.js%2Cjs%2Ffacebox.js%2Cjs%2Fjquery_common.js%2Cjs%2Fmodernizr-1.7.min.js%2Cjs%2Fcommon.js%2Cjs%2Fnav.js%2Cjs%2Fmustache.js%2Cjs%2Fstrength.js&min=1&sid=1492585591 HTTP/1.0" 200 262769 "http://www.gfoodnow.com/" "Mozilla/5.0 (Windows NT 6.2; WOW64; rv:52.0) Gecko/20100101 Firefox/52.0"
197.210.227.12 - - [24/Apr/2017:08:36:08 +0000] "GET /public/index.php?url=jscss/js&f=js%2Fowl.carousel.js%2Cjs%2Fslick.min.js&min=1&sid=1492585591 HTTP/1.0" 200 22370 "http://www.gfoodnow.com/" "Mozilla/5.0 (Windows NT 6.2; WOW64; rv:52.0) Gecko/20100101 Firefox/52.0"
197.210.227.114 - - [24/Apr/2017:08:36:08 +0000] "GET /public/index.php?url=pagejsandcss/js/home/default_action&sid=1492759650 HTTP/1.0" 200 1271 "http://www.gfoodnow.com/" "Mozilla/5.0 (Windows NT 6.2; WOW64; rv:52.0) Gecko/20100101 Firefox/52.0"
197.210.227.242 - - [24/Apr/2017:08:36:08 +0000] "GET /css/theme-color.php HTTP/1.0" 200 2887 "http://www.gfoodnow.com/" "Mozilla/5.0 (Windows NT 6.2; WOW64; rv:52.0) Gecko/20100101 Firefox/52.0"
197.210.227.12 - - [24/Apr/2017:08:36:09 +0000] "GET /js/common-function.js HTTP/1.0" 200 2403 "http://www.gfoodnow.com/" "Mozilla/5.0 (Windows NT 6.2; WOW64; rv:52.0) Gecko/20100101 Firefox/52.0"
197.210.227.242 - - [24/Apr/2017:08:36:13 +0000] "GET /image/mobile_icon_logo/android-icon-72x72.png HTTP/1.0" 200 3453 "http://www.gfoodnow.com/" "Mozilla/5.0 (Windows NT 6.2; WOW64; rv:52.0) Gecko/20100101 Firefox/52.0"
197.210.227.12 - - [24/Apr/2017:08:36:13 +0000] "GET /image/site_logo/gf1.png HTTP/1.0" 200 10259 "http://www.gfoodnow.com/" "Mozilla/5.0 (Windows NT 6.2; WOW64; rv:52.0) Gecko/20100101 Firefox/52.0"
197.210.227.242 - - [24/Apr/2017:08:36:13 +0000] "GET /image/slide/gFoodNowslideryokart.png/NORMAL HTTP/1.0" 200 265362 "http://www.gfoodnow.com/" "Mozilla/5.0 (Windows NT 6.2; WOW64; rv:52.0) Gecko/20100101 Firefox/52.0"
197.210.227.12 - - [24/Apr/2017:08:36:13 +0000] "GET /image/slide/2.png/NORMAL HTTP/1.0" 200 656612 "http://www.gfoodnow.com/" "Mozilla/5.0 (Windows NT 6.2; WOW64; rv:52.0) Gecko/20100101 Firefox/52.0"
197.210.227.114 - - [24/Apr/2017:08:36:13 +0000] "GET /image/slide/4.png/NORMAL HTTP/1.0" 200 828025 "http://www.gfoodnow.com/" "Mozilla/5.0 (Windows NT 6.2; WOW64; rv:52.0) Gecko/20100101 Firefox/52.0"
197.210.227.114 - - [24/Apr/2017:08:36:13 +0000] "GET /image/slide/3.png/NORMAL HTTP/1.0" 200 902538 "http://www.gfoodnow.com/" "Mozilla/5.0 (Windows NT 6.2; WOW64; rv:52.0) Gecko/20100101 Firefox/52.0"
197.210.227.242 - - [24/Apr/2017:08:36:15 +0000] "GET /images/1px.png HTTP/1.0" 200 414 "http://www.gfoodnow.com/" "Mozilla/5.0 (Windows NT 6.2; WOW64; rv:52.0) Gecko/20100101 Firefox/52.0"
197.210.227.12 - - [24/Apr/2017:08:36:15 +0000] "GET /image/footer_logo_graphic/gf2.png HTTP/1.0" 200 10613 "http://www.gfoodnow.com/" "Mozilla/5.0 (Windows NT 6.2; WOW64; rv:52.0) Gecko/20100101 Firefox/52.0"
197.210.227.242 - - [24/Apr/2017:08:36:16 +0000] "GET /image/social_platform_icon/fb.svg HTTP/1.0" 200 1058 "http://www.gfoodnow.com/" "Mozilla/5.0 (Windows NT 6.2; WOW64; rv:52.0) Gecko/20100101 Firefox/52.0"
197.210.227.12 - - [24/Apr/2017:08:36:16 +0000] "GET /image/social_platform_icon/instagramlogo.jpg HTTP/1.0" 200 9608 "http://www.gfoodnow.com/" "Mozilla/5.0 (Windows NT 6.2; WOW64; rv:52.0) Gecko/20100101 Firefox/52.0"
197.210.227.242 - - [24/Apr/2017:08:36:18 +0000] "GET /image/social_platform_icon/tw.svg HTTP/1.0" 200 1577 "http://www.gfoodnow.com/" "Mozilla/5.0 (Windows NT 6.2; WOW64; rv:52.0) Gecko/20100101 Firefox/52.0"
197.210.227.12 - - [24/Apr/2017:08:36:18 +0000] "GET /image/social_platform_icon/yt.svg HTTP/1.0" 200 4153 "http://www.gfoodnow.com/" "Mozilla/5.0 (Windows NT 6.2; WOW64; rv:52.0) Gecko/20100101 Firefox/52.0"
197.210.227.242 - - [24/Apr/2017:08:36:19 +0000] "GET /image/social_platform_icon/pinterest.svg HTTP/1.0" 200 1152 "http://www.gfoodnow.com/" "Mozilla/5.0 (Windows NT 6.2; WOW64; rv:52.0) Gecko/20100101 Firefox/52.0"
197.210.227.12 - - [24/Apr/2017:08:36:20 +0000] "GET /images/payment-cards.png HTTP/1.0" 200 11223 "http://www.gfoodnow.com/" "Mozilla/5.0 (Windows NT 6.2; WOW64; rv:52.0) Gecko/20100101 Firefox/52.0"
197.210.227.242 - - [24/Apr/2017:08:36:22 +0000] "GET /images/secure.png HTTP/1.0" 200 14078 "http://www.gfoodnow.com/" "Mozilla/5.0 (Windows NT 6.2; WOW64; rv:52.0) Gecko/20100101 Firefox/52.0"
197.210.227.12 - - [24/Apr/2017:08:36:22 +0000] "GET /cart/cart_summary HTTP/1.0" 200 513 "http://www.gfoodnow.com/" "Mozilla/5.0 (Windows NT 6.2; WOW64; rv:52.0) Gecko/20100101 Firefox/52.0"
197.210.227.12 - - [24/Apr/2017:08:36:23 +0000] "GET /image/slide/gFoodNowslideryokart.png HTTP/1.0" 200 266887 "http://www.gfoodnow.com/" "Mozilla/5.0 (Windows NT 6.2; WOW64; rv:52.0) Gecko/20100101 Firefox/52.0"
197.210.227.242 - - [24/Apr/2017:08:36:24 +0000] "GET /image/slide/2.png HTTP/1.0" 200 657878 "http://www.gfoodnow.com/" "Mozilla/5.0 (Windows NT 6.2; WOW64; rv:52.0) Gecko/20100101 Firefox/52.0"
197.210.226.189 - - [24/Apr/2017:08:36:24 +0000] "GET /image/slide/3.png HTTP/1.0" 200 903411 "http://www.gfoodnow.com/" "Mozilla/5.0 (Windows NT 6.2; WOW64; rv:52.0) Gecko/20100101 Firefox/52.0"
197.210.227.152 - - [24/Apr/2017:08:36:25 +0000] "GET /image/slide/4.png HTTP/1.0" 200 829033 "http://www.gfoodnow.com/" "Mozilla/5.0 (Windows NT 6.2; WOW64; rv:52.0) Gecko/20100101 Firefox/52.0"
197.210.227.114 - - [24/Apr/2017:08:36:29 +0000] "GET /image/product_image/32/MEDIUM HTTP/1.0" 200 5261 "http://www.gfoodnow.com/" "Mozilla/5.0 (Windows NT 6.2; WOW64; rv:52.0) Gecko/20100101 Firefox/52.0"
197.210.227.114 - - [24/Apr/2017:08:36:31 +0000] "GET /image/product_image/9/MEDIUM HTTP/1.0" 200 5261 "http://www.gfoodnow.com/" "Mozilla/5.0 (Windows NT 6.2; WOW64; rv:52.0) Gecko/20100101 Firefox/52.0"
197.210.227.114 - - [24/Apr/2017:08:36:33 +0000] "GET /image/product_image/3/MEDIUM HTTP/1.0" 200 8993 "http://www.gfoodnow.com/" "Mozilla/5.0 (Windows NT 6.2; WOW64; rv:52.0) Gecko/20100101 Firefox/52.0"
197.210.227.114 - - [24/Apr/2017:08:36:35 +0000] "GET /image/product_image/5/MEDIUM HTTP/1.0" 200 8993 "http://www.gfoodnow.com/" "Mozilla/5.0 (Windows NT 6.2; WOW64; rv:52.0) Gecko/20100101 Firefox/52.0"
197.210.227.12 - - [24/Apr/2017:08:36:36 +0000] "GET /images/retina/search-white.svg HTTP/1.0" 200 1216 "http://www.gfoodnow.com/public/index.php?url=jscss/css&f=css%2Fbootstrap.min.css%2Ccss%2Fskeleton.css%2Ccss%2Fnav.css%2Ccss%2Fcommon.css%2Ccss%2Fionicons.css%2Ccss%2Fphone.css%2Ccss%2Ftablet.css%2Ccss%2Fslider.css%2Ccss%2Fjquery-ui.css%2Ccss%2Ffacebox.css%2Ccss%2Feasy-responsive-tabs.css%2CreCaptcha%2Fstyle.css&min=1&sid=1492585591" "Mozilla/5.0 (Windows NT 6.2; WOW64; rv:52.0) Gecko/20100101 Firefox/52.0"
197.210.227.114 - - [24/Apr/2017:08:36:36 +0000] "GET /image/banner/SUSTAINABLE.png/MEDIUM HTTP/1.0" 200 602148 "http://www.gfoodnow.com/" "Mozilla/5.0 (Windows NT 6.2; WOW64; rv:52.0) Gecko/20100101 Firefox/52.0"
197.210.227.242 - - [24/Apr/2017:08:36:36 +0000] "GET /image/banner/267171_3.png/MEDIUM HTTP/1.0" 200 831483 "http://www.gfoodnow.com/" "Mozilla/5.0 (Windows NT 6.2; WOW64; rv:52.0) Gecko/20100101 Firefox/52.0"
197.210.227.12 - - [24/Apr/2017:08:36:38 +0000] "GET /image/product_image/11/MEDIUM HTTP/1.0" 200 5261 "http://www.gfoodnow.com/" "Mozilla/5.0 (Windows NT 6.2; WOW64; rv:52.0) Gecko/20100101 Firefox/52.0"
197.210.227.242 - - [24/Apr/2017:08:36:38 +0000] "GET /image/banner/4.png/LARGE HTTP/1.0" 200 881239 "http://www.gfoodnow.com/" "Mozilla/5.0 (Windows NT 6.2; WOW64; rv:52.0) Gecko/20100101 Firefox/52.0"
66.249.64.119 - - [24/Apr/2017:08:37:05 +0000] "GET /olsen-farms-1/shops/report/5 HTTP/1.0" 302 449 "-" "Mozilla/5.0 (compatible; Googlebot/2.1; +http://www.google.com/bot.html)"
66.249.64.127 - - [24/Apr/2017:08:37:06 +0000] "GET /user/account HTTP/1.0" 200 10186 "-" "Mozilla/5.0 (compatible; Googlebot/2.1; +http://www.google.com/bot.html)"
104.156.253.163 - - [24/Apr/2017:08:40:01 +0000] "GET /cronjobs/execute HTTP/1.0" 200 361 "-" "curl/7.38.0"
103.63.13.242 - - [24/Apr/2017:08:40:57 +0000] "POST /manager/labels/listLabels HTTP/1.0" 200 1823 "http://www.gfoodnow.com/manager/labels" "Mozilla/5.0 (Windows NT 10.0; Win64; x64) AppleWebKit/537.36 (KHTML, like Gecko) Chrome/58.0.3029.81 Safari/537.36"
103.63.13.242 - - [24/Apr/2017:08:42:34 +0000] "POST /manager/labels/listLabels HTTP/1.0" 200 1871 "http://www.gfoodnow.com/manager/labels" "Mozilla/5.0 (Windows NT 10.0; Win64; x64) AppleWebKit/537.36 (KHTML, like Gecko) Chrome/58.0.3029.81 Safari/537.36"
103.63.13.242 - - [24/Apr/2017:08:42:40 +0000] "POST /manager/labels/listLabels HTTP/1.0" 200 1825 "http://www.gfoodnow.com/manager/labels" "Mozilla/5.0 (Windows NT 10.0; Win64; x64) AppleWebKit/537.36 (KHTML, like Gecko) Chrome/58.0.3029.81 Safari/537.36"
103.63.13.242 - - [24/Apr/2017:08:44:13 +0000] "POST /manager/labels/listLabels HTTP/1.0" 200 1888 "http://www.gfoodnow.com/manager/labels" "Mozilla/5.0 (Windows NT 10.0; Win64; x64) AppleWebKit/537.36 (KHTML, like Gecko) Chrome/58.0.3029.81 Safari/537.36"
103.63.13.242 - - [24/Apr/2017:08:44:20 +0000] "POST /manager/labels/listLabels HTTP/1.0" 200 1894 "http://www.gfoodnow.com/manager/labels" "Mozilla/5.0 (Windows NT 10.0; Win64; x64) AppleWebKit/537.36 (KHTML, like Gecko) Chrome/58.0.3029.81 Safari/537.36"
103.63.13.242 - - [24/Apr/2017:08:44:26 +0000] "POST /manager/labels/listLabels HTTP/1.0" 200 2058 "http://www.gfoodnow.com/manager/labels" "Mozilla/5.0 (Windows NT 10.0; Win64; x64) AppleWebKit/537.36 (KHTML, like Gecko) Chrome/58.0.3029.81 Safari/537.36"
103.63.13.242 - - [24/Apr/2017:08:44:33 +0000] "POST /manager/labels/listLabels HTTP/1.0" 200 1988 "http://www.gfoodnow.com/manager/labels" "Mozilla/5.0 (Windows NT 10.0; Win64; x64) AppleWebKit/537.36 (KHTML, like Gecko) Chrome/58.0.3029.81 Safari/537.36"
103.63.13.242 - - [24/Apr/2017:08:44:42 +0000] "POST /manager/labels/listLabels HTTP/1.0" 200 2159 "http://www.gfoodnow.com/manager/labels" "Mozilla/5.0 (Windows NT 10.0; Win64; x64) AppleWebKit/537.36 (KHTML, like Gecko) Chrome/58.0.3029.81 Safari/537.36"
103.63.13.242 - - [24/Apr/2017:08:44:48 +0000] "POST /manager/labels/listLabels HTTP/1.0" 200 1771 "http://www.gfoodnow.com/manager/labels" "Mozilla/5.0 (Windows NT 10.0; Win64; x64) AppleWebKit/537.36 (KHTML, like Gecko) Chrome/58.0.3029.81 Safari/537.36"
103.63.13.242 - - [24/Apr/2017:08:44:54 +0000] "POST /manager/labels/listLabels HTTP/1.0" 200 1909 "http://www.gfoodnow.com/manager/labels" "Mozilla/5.0 (Windows NT 10.0; Win64; x64) AppleWebKit/537.36 (KHTML, like Gecko) Chrome/58.0.3029.81 Safari/537.36"
104.156.253.163 - - [24/Apr/2017:08:45:02 +0000] "POST /cronjobs/cron_send_subscription_expiry_email/2017-04-24 HTTP/1.0" 200 361 "-" "-"
104.156.253.163 - - [24/Apr/2017:08:45:01 +0000] "GET /cronjobs/execute HTTP/1.0" 200 361 "-" "curl/7.38.0"
103.63.13.242 - - [24/Apr/2017:08:45:04 +0000] "POST /manager/labels/listLabels HTTP/1.0" 200 2046 "http://www.gfoodnow.com/manager/labels" "Mozilla/5.0 (Windows NT 10.0; Win64; x64) AppleWebKit/537.36 (KHTML, like Gecko) Chrome/58.0.3029.81 Safari/537.36"
103.63.13.242 - - [24/Apr/2017:08:45:21 +0000] "POST /manager/labels/listLabels HTTP/1.0" 200 1977 "http://www.gfoodnow.com/manager/labels" "Mozilla/5.0 (Windows NT 10.0; Win64; x64) AppleWebKit/537.36 (KHTML, like Gecko) Chrome/58.0.3029.81 Safari/537.36"
103.63.13.242 - - [24/Apr/2017:08:45:33 +0000] "POST /manager/labels/listLabels HTTP/1.0" 200 1810 "http://www.gfoodnow.com/manager/labels" "Mozilla/5.0 (Windows NT 10.0; Win64; x64) AppleWebKit/537.36 (KHTML, like Gecko) Chrome/58.0.3029.81 Safari/537.36"
103.63.13.242 - - [24/Apr/2017:08:47:40 +0000] "POST /manager/labels/listLabels HTTP/1.0" 200 1932 "http://www.gfoodnow.com/manager/labels" "Mozilla/5.0 (Windows NT 10.0; Win64; x64) AppleWebKit/537.36 (KHTML, like Gecko) Chrome/58.0.3029.81 Safari/537.36"
103.63.13.242 - - [24/Apr/2017:08:47:52 +0000] "POST /manager/labels/listLabels HTTP/1.0" 200 2294 "http://www.gfoodnow.com/manager/labels" "Mozilla/5.0 (Windows NT 10.0; Win64; x64) AppleWebKit/537.36 (KHTML, like Gecko) Chrome/58.0.3029.81 Safari/537.36"
170.0.236.103 - - [24/Apr/2017:08:49:42 +0000] "PROPFIND /webdav/ HTTP/1.0" 200 693 "-" "WEBDAV Client"
104.156.253.163 - - [24/Apr/2017:08:50:01 +0000] "GET /cronjobs/execute HTTP/1.0" 200 361 "-" "curl/7.38.0"
103.63.13.242 - - [24/Apr/2017:08:50:20 +0000] "POST /manager/labels/listLabels HTTP/1.0" 200 2247 "http://www.gfoodnow.com/manager/labels" "Mozilla/5.0 (Windows NT 10.0; Win64; x64) AppleWebKit/537.36 (KHTML, like Gecko) Chrome/58.0.3029.81 Safari/537.36"
103.63.13.242 - - [24/Apr/2017:08:50:36 +0000] "GET / HTTP/1.0" 200 11640 "-" "Mozilla/5.0 (Windows NT 10.0; WOW64; rv:52.0) Gecko/20100101 Firefox/52.0"
103.63.13.242 - - [24/Apr/2017:08:50:42 +0000] "GET /public/index.php?url=jscss/css&f=css%2Fbootstrap.min.css%2Ccss%2Fskeleton.css%2Ccss%2Fnav.css%2Ccss%2Fcommon.css%2Ccss%2Fionicons.css%2Ccss%2Fphone.css%2Ccss%2Ftablet.css%2Ccss%2Fslider.css%2Ccss%2Fjquery-ui.css%2Ccss%2Ffacebox.css%2Ccss%2Feasy-responsive-tabs.css%2CreCaptcha%2Fstyle.css&min=1&sid=1492585591 HTTP/1.0" 200 96636 "http://www.gfoodnow.com/" "Mozilla/5.0 (Windows NT 10.0; WOW64; rv:52.0) Gecko/20100101 Firefox/52.0"
103.63.13.242 - - [24/Apr/2017:08:50:42 +0000] "GET /public/index.php?url=jscss/css&f=css%2Fslick.css&min=1&sid=1492585591 HTTP/1.0" 200 904 "http://www.gfoodnow.com/" "Mozilla/5.0 (Windows NT 10.0; WOW64; rv:52.0) Gecko/20100101 Firefox/52.0"
103.63.13.242 - - [24/Apr/2017:08:50:42 +0000] "GET /public/index.php?url=pagejsandcss/js/home/default_action&sid=1492759650 HTTP/1.0" 200 1271 "http://www.gfoodnow.com/" "Mozilla/5.0 (Windows NT 10.0; WOW64; rv:52.0) Gecko/20100101 Firefox/52.0"
103.63.13.242 - - [24/Apr/2017:08:50:42 +0000] "GET /public/index.php?url=jscss/js&f=js%2Fowl.carousel.js%2Cjs%2Fslick.min.js&min=1&sid=1492585591 HTTP/1.0" 200 22370 "http://www.gfoodnow.com/" "Mozilla/5.0 (Windows NT 10.0; WOW64; rv:52.0) Gecko/20100101 Firefox/52.0"
103.63.13.242 - - [24/Apr/2017:08:50:42 +0000] "GET /public/index.php?url=jscss/js&f=js%2Frespond.min.js%2Cjs%2Fjquery-latest.js%2Cjs%2Fjquery-ui.js%2Cform-validation.js.php%2Cfunctions.js.php%2Cjs%2FjQueryRotate.js%2Cjs%2Fsite-functions.js%2Cjs%2Ffacebox.js%2Cjs%2Fjquery_common.js%2Cjs%2Fmodernizr-1.7.min.js%2Cjs%2Fcommon.js%2Cjs%2Fnav.js%2Cjs%2Fmustache.js%2Cjs%2Fstrength.js&min=1&sid=1492585591 HTTP/1.0" 200 262769 "http://www.gfoodnow.com/" "Mozilla/5.0 (Windows NT 10.0; WOW64; rv:52.0) Gecko/20100101 Firefox/52.0"
103.63.13.242 - - [24/Apr/2017:08:50:43 +0000] "GET /css/theme-color.php HTTP/1.0" 200 2887 "http://www.gfoodnow.com/" "Mozilla/5.0 (Windows NT 10.0; WOW64; rv:52.0) Gecko/20100101 Firefox/52.0"
103.63.13.242 - - [24/Apr/2017:08:50:57 +0000] "GET /image/social_platform_icon/fb.svg HTTP/1.0" 200 1058 "http://www.gfoodnow.com/" "Mozilla/5.0 (Windows NT 10.0; WOW64; rv:52.0) Gecko/20100101 Firefox/52.0"
103.63.13.242 - - [24/Apr/2017:08:50:57 +0000] "GET /image/slide/gFoodNowslideryokart.png/NORMAL HTTP/1.0" 200 265362 "http://www.gfoodnow.com/" "Mozilla/5.0 (Windows NT 10.0; WOW64; rv:52.0) Gecko/20100101 Firefox/52.0"
103.63.13.242 - - [24/Apr/2017:08:53:42 +0000] "GET /account/product_form HTTP/1.0" 200 20567 "http://www.gfoodnow.com/account/product_form/47/general" "Mozilla/5.0 (Windows NT 10.0; Win64; x64) AppleWebKit/537.36 (KHTML, like Gecko) Chrome/58.0.3029.81 Safari/537.36"
103.63.13.242 - - [24/Apr/2017:08:53:45 +0000] "GET /public/index.php?url=pagejsandcss/js/account/product_form&sid=1492585590 HTTP/1.0" 200 3721 "http://www.gfoodnow.com/account/product_form" "Mozilla/5.0 (Windows NT 10.0; Win64; x64) AppleWebKit/537.36 (KHTML, like Gecko) Chrome/58.0.3029.81 Safari/537.36"
103.63.13.242 - - [24/Apr/2017:08:53:45 +0000] "GET /css/theme-color.php HTTP/1.0" 200 2829 "http://www.gfoodnow.com/account/product_form" "Mozilla/5.0 (Windows NT 10.0; Win64; x64) AppleWebKit/537.36 (KHTML, like Gecko) Chrome/58.0.3029.81 Safari/537.36"
103.63.13.242 - - [24/Apr/2017:08:54:11 +0000] "POST /manager/labels/listLabels HTTP/1.0" 200 2075 "http://www.gfoodnow.com/manager/labels" "Mozilla/5.0 (Windows NT 10.0; Win64; x64) AppleWebKit/537.36 (KHTML, like Gecko) Chrome/58.0.3029.81 Safari/537.36"
103.63.13.242 - - [24/Apr/2017:08:54:15 +0000] "GET /image/mobile_icon_logo/android-icon-72x72.png HTTP/1.0" 200 3395 "http://www.gfoodnow.com/account/product_form" "Mozilla/5.0 (Windows NT 10.0; Win64; x64) AppleWebKit/537.36 (KHTML, like Gecko) Chrome/58.0.3029.81 Safari/537.36"
103.63.13.242 - - [24/Apr/2017:08:54:16 +0000] "GET /image/site_logo/gf1.png HTTP/1.0" 200 10201 "http://www.gfoodnow.com/account/product_form" "Mozilla/5.0 (Windows NT 10.0; Win64; x64) AppleWebKit/537.36 (KHTML, like Gecko) Chrome/58.0.3029.81 Safari/537.36"
103.63.13.242 - - [24/Apr/2017:08:54:16 +0000] "GET /image/user//SMALL HTTP/1.0" 200 1508 "http://www.gfoodnow.com/account/product_form" "Mozilla/5.0 (Windows NT 10.0; Win64; x64) AppleWebKit/537.36 (KHTML, like Gecko) Chrome/58.0.3029.81 Safari/537.36"
103.63.13.242 - - [24/Apr/2017:08:54:17 +0000] "POST /manager/labels/listLabels HTTP/1.0" 200 2009 "http://www.gfoodnow.com/manager/labels" "Mozilla/5.0 (Windows NT 10.0; Win64; x64) AppleWebKit/537.36 (KHTML, like Gecko) Chrome/58.0.3029.81 Safari/537.36"
103.63.13.242 - - [24/Apr/2017:08:54:25 +0000] "POST /manager/labels/listLabels HTTP/1.0" 200 2026 "http://www.gfoodnow.com/manager/labels" "Mozilla/5.0 (Windows NT 10.0; Win64; x64) AppleWebKit/537.36 (KHTML, like Gecko) Chrome/58.0.3029.81 Safari/537.36"
197.210.226.21 - - [24/Apr/2017:08:54:30 +0000] "GET / HTTP/1.0" 200 11640 "-" "Mozilla/5.0 (Windows NT 6.2; WOW64; rv:52.0) Gecko/20100101 Firefox/52.0"
197.210.226.21 - - [24/Apr/2017:08:54:31 +0000] "GET /public/index.php?url=jscss/css&f=css%2Fbootstrap.min.css%2Ccss%2Fskeleton.css%2Ccss%2Fnav.css%2Ccss%2Fcommon.css%2Ccss%2Fionicons.css%2Ccss%2Fphone.css%2Ccss%2Ftablet.css%2Ccss%2Fslider.css%2Ccss%2Fjquery-ui.css%2Ccss%2Ffacebox.css%2Ccss%2Feasy-responsive-tabs.css%2CreCaptcha%2Fstyle.css&min=1&sid=1492585591 HTTP/1.0" 200 96636 "http://www.gfoodnow.com/" "Mozilla/5.0 (Windows NT 6.2; WOW64; rv:52.0) Gecko/20100101 Firefox/52.0"
197.210.226.189 - - [24/Apr/2017:08:54:31 +0000] "GET /public/index.php?url=jscss/css&f=css%2Fslick.css&min=1&sid=1492585591 HTTP/1.0" 200 904 "http://www.gfoodnow.com/" "Mozilla/5.0 (Windows NT 6.2; WOW64; rv:52.0) Gecko/20100101 Firefox/52.0"
197.210.226.21 - - [24/Apr/2017:08:54:31 +0000] "GET /css/theme-color.php HTTP/1.0" 200 2887 "http://www.gfoodnow.com/" "Mozilla/5.0 (Windows NT 6.2; WOW64; rv:52.0) Gecko/20100101 Firefox/52.0"
197.210.226.189 - - [24/Apr/2017:08:54:31 +0000] "GET /public/index.php?url=pagejsandcss/js/home/default_action&sid=1492759650 HTTP/1.0" 200 1271 "http://www.gfoodnow.com/" "Mozilla/5.0 (Windows NT 6.2; WOW64; rv:52.0) Gecko/20100101 Firefox/52.0"
197.210.227.12 - - [24/Apr/2017:08:54:31 +0000] "GET /public/index.php?url=jscss/js&f=js%2Fowl.carousel.js%2Cjs%2Fslick.min.js&min=1&sid=1492585591 HTTP/1.0" 200 22370 "http://www.gfoodnow.com/" "Mozilla/5.0 (Windows NT 6.2; WOW64; rv:52.0) Gecko/20100101 Firefox/52.0"
197.210.227.152 - - [24/Apr/2017:08:54:31 +0000] "GET /public/index.php?url=jscss/js&f=js%2Frespond.min.js%2Cjs%2Fjquery-latest.js%2Cjs%2Fjquery-ui.js%2Cform-validation.js.php%2Cfunctions.js.php%2Cjs%2FjQueryRotate.js%2Cjs%2Fsite-functions.js%2Cjs%2Ffacebox.js%2Cjs%2Fjquery_common.js%2Cjs%2Fmodernizr-1.7.min.js%2Cjs%2Fcommon.js%2Cjs%2Fnav.js%2Cjs%2Fmustache.js%2Cjs%2Fstrength.js&min=1&sid=1492585591 HTTP/1.0" 200 262769 "http://www.gfoodnow.com/" "Mozilla/5.0 (Windows NT 6.2; WOW64; rv:52.0) Gecko/20100101 Firefox/52.0"
197.210.226.189 - - [24/Apr/2017:08:54:32 +0000] "GET /js/common-function.js HTTP/1.0" 200 2403 "http://www.gfoodnow.com/" "Mozilla/5.0 (Windows NT 6.2; WOW64; rv:52.0) Gecko/20100101 Firefox/52.0"
197.210.226.21 - - [24/Apr/2017:08:54:35 +0000] "GET /image/mobile_icon_logo/android-icon-72x72.png HTTP/1.0" 200 3453 "http://www.gfoodnow.com/" "Mozilla/5.0 (Windows NT 6.2; WOW64; rv:52.0) Gecko/20100101 Firefox/52.0"
197.210.227.12 - - [24/Apr/2017:08:54:35 +0000] "GET /image/site_logo/gf1.png HTTP/1.0" 200 10259 "http://www.gfoodnow.com/" "Mozilla/5.0 (Windows NT 6.2; WOW64; rv:52.0) Gecko/20100101 Firefox/52.0"
103.63.13.242 - - [24/Apr/2017:08:54:35 +0000] "POST /manager/labels/listLabels HTTP/1.0" 200 2038 "http://www.gfoodnow.com/manager/labels" "Mozilla/5.0 (Windows NT 10.0; Win64; x64) AppleWebKit/537.36 (KHTML, like Gecko) Chrome/58.0.3029.81 Safari/537.36"
197.210.226.21 - - [24/Apr/2017:08:54:35 +0000] "GET /image/slide/gFoodNowslideryokart.png/NORMAL HTTP/1.0" 200 265362 "http://www.gfoodnow.com/" "Mozilla/5.0 (Windows NT 6.2; WOW64; rv:52.0) Gecko/20100101 Firefox/52.0"
197.210.226.21 - - [24/Apr/2017:08:54:36 +0000] "GET /images/1px.png HTTP/1.0" 200 414 "http://www.gfoodnow.com/" "Mozilla/5.0 (Windows NT 6.2; WOW64; rv:52.0) Gecko/20100101 Firefox/52.0"
197.210.227.12 - - [24/Apr/2017:08:54:36 +0000] "GET /image/footer_logo_graphic/gf2.png HTTP/1.0" 200 10613 "http://www.gfoodnow.com/" "Mozilla/5.0 (Windows NT 6.2; WOW64; rv:52.0) Gecko/20100101 Firefox/52.0"
197.210.226.189 - - [24/Apr/2017:08:54:35 +0000] "GET /image/slide/2.png/NORMAL HTTP/1.0" 200 656612 "http://www.gfoodnow.com/" "Mozilla/5.0 (Windows NT 6.2; WOW64; rv:52.0) Gecko/20100101 Firefox/52.0"
197.210.226.21 - - [24/Apr/2017:08:54:36 +0000] "GET /image/social_platform_icon/fb.svg HTTP/1.0" 200 1058 "http://www.gfoodnow.com/" "Mozilla/5.0 (Windows NT 6.2; WOW64; rv:52.0) Gecko/20100101 Firefox/52.0"
197.210.227.152 - - [24/Apr/2017:08:54:35 +0000] "GET /image/slide/4.png/NORMAL HTTP/1.0" 200 828025 "http://www.gfoodnow.com/" "Mozilla/5.0 (Windows NT 6.2; WOW64; rv:52.0) Gecko/20100101 Firefox/52.0"
197.210.226.189 - - [24/Apr/2017:08:54:35 +0000] "GET /image/slide/3.png/NORMAL HTTP/1.0" 200 902538 "http://www.gfoodnow.com/" "Mozilla/5.0 (Windows NT 6.2; WOW64; rv:52.0) Gecko/20100101 Firefox/52.0"
197.210.227.12 - - [24/Apr/2017:08:54:37 +0000] "GET /image/social_platform_icon/instagramlogo.jpg HTTP/1.0" 200 9608 "http://www.gfoodnow.com/" "Mozilla/5.0 (Windows NT 6.2; WOW64; rv:52.0) Gecko/20100101 Firefox/52.0"
197.210.226.21 - - [24/Apr/2017:08:54:37 +0000] "GET /image/social_platform_icon/tw.svg HTTP/1.0" 200 1577 "http://www.gfoodnow.com/" "Mozilla/5.0 (Windows NT 6.2; WOW64; rv:52.0) Gecko/20100101 Firefox/52.0"
197.210.227.12 - - [24/Apr/2017:08:54:37 +0000] "GET /image/social_platform_icon/yt.svg HTTP/1.0" 200 4153 "http://www.gfoodnow.com/" "Mozilla/5.0 (Windows NT 6.2; WOW64; rv:52.0) Gecko/20100101 Firefox/52.0"
197.210.226.21 - - [24/Apr/2017:08:54:37 +0000] "GET /image/social_platform_icon/pinterest.svg HTTP/1.0" 200 1152 "http://www.gfoodnow.com/" "Mozilla/5.0 (Windows NT 6.2; WOW64; rv:52.0) Gecko/20100101 Firefox/52.0"
197.210.227.12 - - [24/Apr/2017:08:54:38 +0000] "GET /images/payment-cards.png HTTP/1.0" 200 11223 "http://www.gfoodnow.com/" "Mozilla/5.0 (Windows NT 6.2; WOW64; rv:52.0) Gecko/20100101 Firefox/52.0"
197.210.226.21 - - [24/Apr/2017:08:54:38 +0000] "GET /images/secure.png HTTP/1.0" 200 14078 "http://www.gfoodnow.com/" "Mozilla/5.0 (Windows NT 6.2; WOW64; rv:52.0) Gecko/20100101 Firefox/52.0"
103.63.13.242 - - [24/Apr/2017:08:54:41 +0000] "POST /manager/labels/listLabels HTTP/1.0" 200 2089 "http://www.gfoodnow.com/manager/labels" "Mozilla/5.0 (Windows NT 10.0; Win64; x64) AppleWebKit/537.36 (KHTML, like Gecko) Chrome/58.0.3029.81 Safari/537.36"
197.210.226.21 - - [24/Apr/2017:08:54:43 +0000] "GET /images/retina/search-white.svg HTTP/1.0" 200 1216 "http://www.gfoodnow.com/public/index.php?url=jscss/css&f=css%2Fbootstrap.min.css%2Ccss%2Fskeleton.css%2Ccss%2Fnav.css%2Ccss%2Fcommon.css%2Ccss%2Fionicons.css%2Ccss%2Fphone.css%2Ccss%2Ftablet.css%2Ccss%2Fslider.css%2Ccss%2Fjquery-ui.css%2Ccss%2Ffacebox.css%2Ccss%2Feasy-responsive-tabs.css%2CreCaptcha%2Fstyle.css&min=1&sid=1492585591" "Mozilla/5.0 (Windows NT 6.2; WOW64; rv:52.0) Gecko/20100101 Firefox/52.0"
197.210.226.21 - - [24/Apr/2017:08:54:44 +0000] "GET /cart/cart_summary HTTP/1.0" 200 513 "http://www.gfoodnow.com/" "Mozilla/5.0 (Windows NT 6.2; WOW64; rv:52.0) Gecko/20100101 Firefox/52.0"
104.156.253.163 - - [24/Apr/2017:08:55:03 +0000] "POST /paypaladaptive_pay/cron/2017-04-24 HTTP/1.0" 200 394 "-" "-"
104.156.253.163 - - [24/Apr/2017:08:55:03 +0000] "POST /cronjobs/cron_change_subscription_status/2017-04-24 HTTP/1.0" 200 361 "-" "-"
104.156.253.163 - - [24/Apr/2017:08:55:04 +0000] "POST /cronjobs/cron_send_subscription_expiry_email/2017-04-24 HTTP/1.0" 200 361 "-" "-"
104.156.253.163 - - [24/Apr/2017:08:55:03 +0000] "GET /cronjobs/execute HTTP/1.0" 200 361 "-" "curl/7.38.0"
103.63.13.242 - - [24/Apr/2017:08:56:21 +0000] "POST /manager/labels/listLabels HTTP/1.0" 200 1817 "http://www.gfoodnow.com/manager/labels" "Mozilla/5.0 (Windows NT 10.0; Win64; x64) AppleWebKit/537.36 (KHTML, like Gecko) Chrome/58.0.3029.81 Safari/537.36"
103.63.13.242 - - [24/Apr/2017:08:56:27 +0000] "POST /manager/labels/listLabels HTTP/1.0" 200 1967 "http://www.gfoodnow.com/manager/labels" "Mozilla/5.0 (Windows NT 10.0; Win64; x64) AppleWebKit/537.36 (KHTML, like Gecko) Chrome/58.0.3029.81 Safari/537.36"
103.63.13.242 - - [24/Apr/2017:08:56:33 +0000] "POST /manager/labels/listLabels HTTP/1.0" 200 1928 "http://www.gfoodnow.com/manager/labels" "Mozilla/5.0 (Windows NT 10.0; Win64; x64) AppleWebKit/537.36 (KHTML, like Gecko) Chrome/58.0.3029.81 Safari/537.36"
103.63.13.242 - - [24/Apr/2017:08:56:39 +0000] "POST /manager/labels/listLabels HTTP/1.0" 200 1927 "http://www.gfoodnow.com/manager/labels" "Mozilla/5.0 (Windows NT 10.0; Win64; x64) AppleWebKit/537.36 (KHTML, like Gecko) Chrome/58.0.3029.81 Safari/537.36"
103.63.13.242 - - [24/Apr/2017:08:56:50 +0000] "POST /manager/labels/listLabels HTTP/1.0" 200 2029 "http://www.gfoodnow.com/manager/labels" "Mozilla/5.0 (Windows NT 10.0; Win64; x64) AppleWebKit/537.36 (KHTML, like Gecko) Chrome/58.0.3029.81 Safari/537.36"
103.63.13.242 - - [24/Apr/2017:08:57:00 +0000] "POST /manager/labels/listLabels HTTP/1.0" 200 2293 "http://www.gfoodnow.com/manager/labels" "Mozilla/5.0 (Windows NT 10.0; Win64; x64) AppleWebKit/537.36 (KHTML, like Gecko) Chrome/58.0.3029.81 Safari/537.36"
103.63.13.242 - - [24/Apr/2017:08:57:12 +0000] "POST /manager/labels/listLabels HTTP/1.0" 200 1941 "http://www.gfoodnow.com/manager/labels" "Mozilla/5.0 (Windows NT 10.0; Win64; x64) AppleWebKit/537.36 (KHTML, like Gecko) Chrome/58.0.3029.81 Safari/537.36"
103.63.13.242 - - [24/Apr/2017:08:57:18 +0000] "POST /manager/labels/listLabels HTTP/1.0" 200 1845 "http://www.gfoodnow.com/manager/labels" "Mozilla/5.0 (Windows NT 10.0; Win64; x64) AppleWebKit/537.36 (KHTML, like Gecko) Chrome/58.0.3029.81 Safari/537.36"
103.63.13.242 - - [24/Apr/2017:08:57:28 +0000] "POST /manager/labels/listLabels HTTP/1.0" 200 1857 "http://www.gfoodnow.com/manager/labels" "Mozilla/5.0 (Windows NT 10.0; Win64; x64) AppleWebKit/537.36 (KHTML, like Gecko) Chrome/58.0.3029.81 Safari/537.36"
103.63.13.242 - - [24/Apr/2017:08:57:52 +0000] "POST /products/getImageUploadTab/0 HTTP/1.0" 200 1261 "http://www.gfoodnow.com/account/product_form" "Mozilla/5.0 (Windows NT 10.0; Win64; x64) AppleWebKit/537.36 (KHTML, like Gecko) Chrome/58.0.3029.81 Safari/537.36"
104.156.253.163 - - [24/Apr/2017:09:00:01 +0000] "GET /cronjobs/execute HTTP/1.0" 200 361 "-" "curl/7.38.0"
93.115.95.207 - - [24/Apr/2017:09:02:48 +0000] "GET / HTTP/1.0" 301 605 "-" "Mozilla/5.0 (Windows NT 5.1; rv:7.0.1) Gecko/20100101 Firefox/7.0.1"
94.242.55.221 - - [24/Apr/2017:09:02:49 +0000] "GET / HTTP/1.0" 200 11747 "-" "Mozilla/5.0 (Windows NT 5.1; rv:7.0.1) Gecko/20100101 Firefox/7.0.1"
103.63.13.242 - - [24/Apr/2017:09:03:55 +0000] "GET /manager/categories HTTP/1.0" 200 5258 "http://www.gfoodnow.com/manager/labels" "Mozilla/5.0 (Windows NT 10.0; Win64; x64) AppleWebKit/537.36 (KHTML, like Gecko) Chrome/58.0.3029.81 Safari/537.36"
103.63.13.242 - - [24/Apr/2017:09:03:55 +0000] "GET /public/manager/index.php?url=pagejsandcss/js/categories/default_action&sid=1492585592 HTTP/1.0" 200 1005 "http://www.gfoodnow.com/manager/categories" "Mozilla/5.0 (Windows NT 10.0; Win64; x64) AppleWebKit/537.36 (KHTML, like Gecko) Chrome/58.0.3029.81 Safari/537.36"
103.63.13.242 - - [24/Apr/2017:09:03:56 +0000] "GET /image/site_admin_logo/gf1.png HTTP/1.0" 200 10201 "http://www.gfoodnow.com/manager/categories" "Mozilla/5.0 (Windows NT 10.0; Win64; x64) AppleWebKit/537.36 (KHTML, like Gecko) Chrome/58.0.3029.81 Safari/537.36"
103.63.13.242 - - [24/Apr/2017:09:03:57 +0000] "GET /image/user//small HTTP/1.0" 304 279 "http://www.gfoodnow.com/manager/categories" "Mozilla/5.0 (Windows NT 10.0; Win64; x64) AppleWebKit/537.36 (KHTML, like Gecko) Chrome/58.0.3029.81 Safari/537.36"
103.63.13.242 - - [24/Apr/2017:09:03:57 +0000] "POST /manager/categories/listCategories HTTP/1.0" 200 1233 "http://www.gfoodnow.com/manager/categories" "Mozilla/5.0 (Windows NT 10.0; Win64; x64) AppleWebKit/537.36 (KHTML, like Gecko) Chrome/58.0.3029.81 Safari/537.36"
103.63.13.242 - - [24/Apr/2017:09:03:57 +0000] "GET /public/css/admin/default_color.css HTTP/1.0" 404 7777 "http://www.gfoodnow.com/manager/categories" "Mozilla/5.0 (Windows NT 10.0; Win64; x64) AppleWebKit/537.36 (KHTML, like Gecko) Chrome/58.0.3029.81 Safari/537.36"
104.156.253.163 - - [24/Apr/2017:09:05:02 +0000] "POST /cronjobs/cron_send_subscription_expiry_email/2017-04-24 HTTP/1.0" 200 361 "-" "-"
104.156.253.163 - - [24/Apr/2017:09:05:02 +0000] "GET /cronjobs/execute HTTP/1.0" 200 361 "-" "curl/7.38.0"
103.63.13.242 - - [24/Apr/2017:09:05:06 +0000] "POST /manager/categories/listCategories HTTP/1.0" 200 1132 "http://www.gfoodnow.com/manager/categories" "Mozilla/5.0 (Windows NT 10.0; Win64; x64) AppleWebKit/537.36 (KHTML, like Gecko) Chrome/58.0.3029.81 Safari/537.36"
103.63.13.242 - - [24/Apr/2017:09:05:18 +0000] "POST /manager/categories/listCategories HTTP/1.0" 200 1253 "http://www.gfoodnow.com/manager/categories" "Mozilla/5.0 (Windows NT 10.0; Win64; x64) AppleWebKit/537.36 (KHTML, like Gecko) Chrome/58.0.3029.81 Safari/537.36"
103.63.13.242 - - [24/Apr/2017:09:05:25 +0000] "GET /manager/categories/form/265/262 HTTP/1.0" 200 5723 "http://www.gfoodnow.com/manager/categories" "Mozilla/5.0 (Windows NT 10.0; Win64; x64) AppleWebKit/537.36 (KHTML, like Gecko) Chrome/58.0.3029.81 Safari/537.36"
103.63.13.242 - - [24/Apr/2017:09:05:26 +0000] "GET /public/manager/index.php?url=pagejsandcss/js/categories/form&sid=1492585592 HTTP/1.0" 200 967 "http://www.gfoodnow.com/manager/categories/form/265/262" "Mozilla/5.0 (Windows NT 10.0; Win64; x64) AppleWebKit/537.36 (KHTML, like Gecko) Chrome/58.0.3029.81 Safari/537.36"
103.63.13.242 - - [24/Apr/2017:09:05:27 +0000] "GET /image/site_admin_logo/gf1.png HTTP/1.0" 200 10201 "http://www.gfoodnow.com/manager/categories/form/265/262" "Mozilla/5.0 (Windows NT 10.0; Win64; x64) AppleWebKit/537.36 (KHTML, like Gecko) Chrome/58.0.3029.81 Safari/537.36"
103.63.13.242 - - [24/Apr/2017:09:05:30 +0000] "GET /image/user//small HTTP/1.0" 200 1508 "http://www.gfoodnow.com/manager/categories/form/265/262" "Mozilla/5.0 (Windows NT 10.0; Win64; x64) AppleWebKit/537.36 (KHTML, like Gecko) Chrome/58.0.3029.81 Safari/537.36"
103.63.13.242 - - [24/Apr/2017:09:06:23 +0000] "GET /account/product_form HTTP/1.0" 200 20567 "http://www.gfoodnow.com/account/product_form" "Mozilla/5.0 (Windows NT 10.0; Win64; x64) AppleWebKit/537.36 (KHTML, like Gecko) Chrome/58.0.3029.81 Safari/537.36"
103.63.13.242 - - [24/Apr/2017:09:06:29 +0000] "GET /public/css/admin/default_color.css HTTP/1.0" 404 7777 "http://www.gfoodnow.com/manager/categories/form/265/262" "Mozilla/5.0 (Windows NT 10.0; Win64; x64) AppleWebKit/537.36 (KHTML, like Gecko) Chrome/58.0.3029.81 Safari/537.36"
103.63.13.242 - - [24/Apr/2017:09:06:46 +0000] "GET /manager/categories/default_action/262 HTTP/1.0" 200 5260 "http://www.gfoodnow.com/manager/categories/form/265/262" "Mozilla/5.0 (Windows NT 10.0; Win64; x64) AppleWebKit/537.36 (KHTML, like Gecko) Chrome/58.0.3029.81 Safari/537.36"
103.63.13.242 - - [24/Apr/2017:09:06:50 +0000] "GET /public/manager/index.php?url=pagejsandcss/js/categories/default_action&sid=1492585592 HTTP/1.0" 200 1005 "http://www.gfoodnow.com/manager/categories/default_action/262" "Mozilla/5.0 (Windows NT 10.0; Win64; x64) AppleWebKit/537.36 (KHTML, like Gecko) Chrome/58.0.3029.81 Safari/537.36"
103.63.13.242 - - [24/Apr/2017:09:06:50 +0000] "GET /image/site_admin_logo/gf1.png HTTP/1.0" 200 10201 "http://www.gfoodnow.com/manager/categories/default_action/262" "Mozilla/5.0 (Windows NT 10.0; Win64; x64) AppleWebKit/537.36 (KHTML, like Gecko) Chrome/58.0.3029.81 Safari/537.36"
103.63.13.242 - - [24/Apr/2017:09:06:51 +0000] "GET /image/user//small HTTP/1.0" 304 279 "http://www.gfoodnow.com/manager/categories/default_action/262" "Mozilla/5.0 (Windows NT 10.0; Win64; x64) AppleWebKit/537.36 (KHTML, like Gecko) Chrome/58.0.3029.81 Safari/537.36"
103.63.13.242 - - [24/Apr/2017:09:06:51 +0000] "GET /public/css/admin/default_color.css HTTP/1.0" 404 7777 "http://www.gfoodnow.com/manager/categories/default_action/262" "Mozilla/5.0 (Windows NT 10.0; Win64; x64) AppleWebKit/537.36 (KHTML, like Gecko) Chrome/58.0.3029.81 Safari/537.36"
103.63.13.242 - - [24/Apr/2017:09:06:51 +0000] "GET /css/theme-color.php HTTP/1.0" 200 2829 "http://www.gfoodnow.com/account/product_form" "Mozilla/5.0 (Windows NT 10.0; Win64; x64) AppleWebKit/537.36 (KHTML, like Gecko) Chrome/58.0.3029.81 Safari/537.36"
103.63.13.242 - - [24/Apr/2017:09:06:51 +0000] "POST /manager/categories/listCategories HTTP/1.0" 200 1253 "http://www.gfoodnow.com/manager/categories/default_action/262" "Mozilla/5.0 (Windows NT 10.0; Win64; x64) AppleWebKit/537.36 (KHTML, like Gecko) Chrome/58.0.3029.81 Safari/537.36"
103.63.13.242 - - [24/Apr/2017:09:06:51 +0000] "GET /public/index.php?url=pagejsandcss/js/account/product_form&sid=1492585590 HTTP/1.0" 200 3721 "http://www.gfoodnow.com/account/product_form" "Mozilla/5.0 (Windows NT 10.0; Win64; x64) AppleWebKit/537.36 (KHTML, like Gecko) Chrome/58.0.3029.81 Safari/537.36"
103.63.13.242 - - [24/Apr/2017:09:06:52 +0000] "GET /image/mobile_icon_logo/android-icon-72x72.png HTTP/1.0" 200 3395 "http://www.gfoodnow.com/account/product_form" "Mozilla/5.0 (Windows NT 10.0; Win64; x64) AppleWebKit/537.36 (KHTML, like Gecko) Chrome/58.0.3029.81 Safari/537.36"
103.63.13.242 - - [24/Apr/2017:09:06:52 +0000] "GET /image/site_logo/gf1.png HTTP/1.0" 200 10201 "http://www.gfoodnow.com/account/product_form" "Mozilla/5.0 (Windows NT 10.0; Win64; x64) AppleWebKit/537.36 (KHTML, like Gecko) Chrome/58.0.3029.81 Safari/537.36"
103.63.13.242 - - [24/Apr/2017:09:06:52 +0000] "GET /image/user//SMALL HTTP/1.0" 304 279 "http://www.gfoodnow.com/account/product_form" "Mozilla/5.0 (Windows NT 10.0; Win64; x64) AppleWebKit/537.36 (KHTML, like Gecko) Chrome/58.0.3029.81 Safari/537.36"
103.63.13.242 - - [24/Apr/2017:09:06:53 +0000] "POST /products/getImageUploadTab/0 HTTP/1.0" 200 1261 "http://www.gfoodnow.com/account/product_form" "Mozilla/5.0 (Windows NT 10.0; Win64; x64) AppleWebKit/537.36 (KHTML, like Gecko) Chrome/58.0.3029.81 Safari/537.36"
103.63.13.242 - - [24/Apr/2017:09:06:57 +0000] "POST /manager/categories/listCategories HTTP/1.0" 200 1132 "http://www.gfoodnow.com/manager/categories/default_action/262" "Mozilla/5.0 (Windows NT 10.0; Win64; x64) AppleWebKit/537.36 (KHTML, like Gecko) Chrome/58.0.3029.81 Safari/537.36"
103.63.13.242 - - [24/Apr/2017:09:06:59 +0000] "GET /manager/categories/form/262/261 HTTP/1.0" 200 5696 "http://www.gfoodnow.com/manager/categories/default_action/262" "Mozilla/5.0 (Windows NT 10.0; Win64; x64) AppleWebKit/537.36 (KHTML, like Gecko) Chrome/58.0.3029.81 Safari/537.36"
103.63.13.242 - - [24/Apr/2017:09:07:00 +0000] "GET /public/manager/index.php?url=pagejsandcss/js/categories/form&sid=1492585592 HTTP/1.0" 200 967 "http://www.gfoodnow.com/manager/categories/form/262/261" "Mozilla/5.0 (Windows NT 10.0; Win64; x64) AppleWebKit/537.36 (KHTML, like Gecko) Chrome/58.0.3029.81 Safari/537.36"
103.63.13.242 - - [24/Apr/2017:09:07:00 +0000] "GET /image/site_admin_logo/gf1.png HTTP/1.0" 200 10201 "http://www.gfoodnow.com/manager/categories/form/262/261" "Mozilla/5.0 (Windows NT 10.0; Win64; x64) AppleWebKit/537.36 (KHTML, like Gecko) Chrome/58.0.3029.81 Safari/537.36"
103.63.13.242 - - [24/Apr/2017:09:07:00 +0000] "GET /image/user//small HTTP/1.0" 200 1508 "http://www.gfoodnow.com/manager/categories/form/262/261" "Mozilla/5.0 (Windows NT 10.0; Win64; x64) AppleWebKit/537.36 (KHTML, like Gecko) Chrome/58.0.3029.81 Safari/537.36"
